Archive member included to satisfy reference by file (symbol)

/opt/riscv/bin/../lib/gcc/riscv32-unknown-elf/11.1.0/libgcc.a(_udivdi3.o)
                              /home/mike/development/bitbucket/sonic-src/_src/xprintf/xprintf.o (__udivdi3)
/opt/riscv/bin/../lib/gcc/riscv32-unknown-elf/11.1.0/libgcc.a(_umoddi3.o)
                              /home/mike/development/bitbucket/sonic-src/_src/xprintf/xprintf.o (__umoddi3)
/opt/riscv/bin/../lib/gcc/riscv32-unknown-elf/11.1.0/libgcc.a(adddf3.o)
                              /home/mike/development/bitbucket/sonic-src/_src/caribou-rtos/caribou/src/lib/cbmath.o (__adddf3)
/opt/riscv/bin/../lib/gcc/riscv32-unknown-elf/11.1.0/libgcc.a(divdf3.o)
                              /home/mike/development/bitbucket/sonic-src/_src/caribou-rtos/caribou/src/lib/cbmath.o (__divdf3)
/opt/riscv/bin/../lib/gcc/riscv32-unknown-elf/11.1.0/libgcc.a(eqdf2.o)
                              /home/mike/development/bitbucket/sonic-src/_src/caribou-rtos/caribou/src/lib/cbmath.o (__eqdf2)
/opt/riscv/bin/../lib/gcc/riscv32-unknown-elf/11.1.0/libgcc.a(gedf2.o)
                              /home/mike/development/bitbucket/sonic-src/_src/caribou-rtos/caribou/src/lib/cbmath.o (__gedf2)
/opt/riscv/bin/../lib/gcc/riscv32-unknown-elf/11.1.0/libgcc.a(ledf2.o)
                              /home/mike/development/bitbucket/sonic-src/_src/caribou-rtos/caribou/src/lib/cbmath.o (__ltdf2)
/opt/riscv/bin/../lib/gcc/riscv32-unknown-elf/11.1.0/libgcc.a(muldf3.o)
                              /home/mike/development/bitbucket/sonic-src/_src/caribou-rtos/caribou/src/lib/cbmath.o (__muldf3)
/opt/riscv/bin/../lib/gcc/riscv32-unknown-elf/11.1.0/libgcc.a(subdf3.o)
                              /home/mike/development/bitbucket/sonic-src/_src/caribou-rtos/caribou/src/lib/cbmath.o (__subdf3)
/opt/riscv/bin/../lib/gcc/riscv32-unknown-elf/11.1.0/libgcc.a(fixdfsi.o)
                              /home/mike/development/bitbucket/sonic-src/_src/caribou-rtos/caribou/src/lib/cbmath.o (__fixdfsi)
/opt/riscv/bin/../lib/gcc/riscv32-unknown-elf/11.1.0/libgcc.a(floatsidf.o)
                              /home/mike/development/bitbucket/sonic-src/_src/caribou-rtos/caribou/src/lib/cbmath.o (__floatsidf)
/opt/riscv/bin/../lib/gcc/riscv32-unknown-elf/11.1.0/libgcc.a(addsf3.o)
                              /home/mike/development/bitbucket/sonic-src/_src/xprintf/xprintf.o (__addsf3)
/opt/riscv/bin/../lib/gcc/riscv32-unknown-elf/11.1.0/libgcc.a(divsf3.o)
                              /home/mike/development/bitbucket/sonic-src/_src/xprintf/xprintf.o (__divsf3)
/opt/riscv/bin/../lib/gcc/riscv32-unknown-elf/11.1.0/libgcc.a(eqsf2.o)
                              /home/mike/development/bitbucket/sonic-src/_src/xprintf/xprintf.o (__nesf2)
/opt/riscv/bin/../lib/gcc/riscv32-unknown-elf/11.1.0/libgcc.a(gesf2.o)
                              /home/mike/development/bitbucket/sonic-src/_src/xprintf/xprintf.o (__gesf2)
/opt/riscv/bin/../lib/gcc/riscv32-unknown-elf/11.1.0/libgcc.a(lesf2.o)
                              /home/mike/development/bitbucket/sonic-src/_src/xprintf/xprintf.o (__lesf2)
/opt/riscv/bin/../lib/gcc/riscv32-unknown-elf/11.1.0/libgcc.a(mulsf3.o)
                              /home/mike/development/bitbucket/sonic-src/_src/xprintf/xprintf.o (__mulsf3)
/opt/riscv/bin/../lib/gcc/riscv32-unknown-elf/11.1.0/libgcc.a(subsf3.o)
                              /home/mike/development/bitbucket/sonic-src/_src/xprintf/xprintf.o (__subsf3)
/opt/riscv/bin/../lib/gcc/riscv32-unknown-elf/11.1.0/libgcc.a(unordsf2.o)
                              /home/mike/development/bitbucket/sonic-src/_src/xprintf/xprintf.o (__unordsf2)
/opt/riscv/bin/../lib/gcc/riscv32-unknown-elf/11.1.0/libgcc.a(fixsfsi.o)
                              /home/mike/development/bitbucket/sonic-src/_src/xprintf/xprintf.o (__fixsfsi)
/opt/riscv/bin/../lib/gcc/riscv32-unknown-elf/11.1.0/libgcc.a(floatsisf.o)
                              /home/mike/development/bitbucket/sonic-src/_src/xprintf/xprintf.o (__floatsisf)
/opt/riscv/bin/../lib/gcc/riscv32-unknown-elf/11.1.0/libgcc.a(floatunsisf.o)
                              /home/mike/development/bitbucket/sonic-src/_src/util/pid.o (__floatunsisf)
/opt/riscv/bin/../lib/gcc/riscv32-unknown-elf/11.1.0/libgcc.a(_clz.o)
                              /opt/riscv/bin/../lib/gcc/riscv32-unknown-elf/11.1.0/libgcc.a(_udivdi3.o) (__clz_tab)
/opt/riscv/bin/../lib/gcc/riscv32-unknown-elf/11.1.0/libgcc.a(_clzsi2.o)
                              /opt/riscv/bin/../lib/gcc/riscv32-unknown-elf/11.1.0/libgcc.a(adddf3.o) (__clzsi2)
/opt/riscv/bin/../riscv32-unknown-elf/lib/libm.a(lib_a-s_modf.o)
                              /home/mike/development/bitbucket/sonic-src/_src/caribou-rtos/caribou/src/lib/cbmath.o (modf)
/opt/riscv/bin/../riscv32-unknown-elf/lib/libm.a(lib_a-wf_exp.o)
                              /home/mike/development/bitbucket/sonic-src/_src/util/logmap.o (expf)
/opt/riscv/bin/../riscv32-unknown-elf/lib/libm.a(lib_a-wf_log.o)
[...]
Memory Configuration

Name             Origin             Length             Attributes
flash            0x0000000008000000 0x0000000000040000
ram              0x0000000020000000 0x0000000000008000
*default*        0x0000000000000000 0xffffffffffffffff

Linker script and memory map

LOAD /opt/riscv/lib/gcc/riscv32-unknown-elf/11.1.0/../../../../riscv32-unknown-elf/lib/crt0.o
LOAD /opt/riscv/lib/gcc/riscv32-unknown-elf/11.1.0/crtbegin.o
                0x0000000000000400                __main_stack_size__ = 0x400
                0x0000000000000400                __process_stack_size__ = 0x400
                0x0000000020000000                __ram_start__ = ORIGIN (ram)
                0x0000000000008000                __ram_size__ = LENGTH (ram)
                0x0000000020008000                __ram_end__ = (__ram_start__ + __ram_size__)
                0x0000000000000000                . = 0x0
                0x0000000000000000                _text = .

startup         0x0000000008000000      0x15c
 *(.vectors)
 .vectors       0x0000000008000000      0x15c /home/mike/development/bitbucket/sonic-src/_src/_bsp/sonic1/vectors.o
                0x0000000008000000                _vectors

constructors    0x000000000800015c        0x4
                0x000000000800015c                PROVIDE (__init_array_start = .)
 *(SORT_BY_NAME(.init_array.*))
 *(.init_array)
 .init_array    0x000000000800015c        0x4 /opt/riscv/lib/gcc/riscv32-unknown-elf/11.1.0/crtbegin.o
                0x0000000008000160                PROVIDE (__init_array_end = .)

destructors     0x0000000008000160        0x4
                0x0000000008000160                PROVIDE (__fini_array_start = .)
 *(.fini_array)
 .fini_array    0x0000000008000160        0x4 /opt/riscv/lib/gcc/riscv32-unknown-elf/11.1.0/crtbegin.o
 *(SORT_BY_NAME(.fini_array.*))
                0x0000000008000164                PROVIDE (__fini_array_end = .)

.text           0x0000000008000180     0x5c7a
 *(.text.startup.*)
 .text.startup.main
                0x0000000008000180       0x3a /home/mike/development/bitbucket/sonic-src/_feature/caribou/main.o
                0x0000000008000180                main
 *(.init)
 *fill*         0x00000000080001ba        0x6 
 .init          0x00000000080001c0       0x6c /home/mike/development/bitbucket/sonic-src/_src/_bsp/sonic1/crt0.o
                0x00000000080001c0                reset_handler
                0x0000000008000226                exit
                0x0000000008000226                _exit
 *(.text)
 *fill*         0x000000000800022c        0x4 
 .text          0x0000000008000230       0x54 /opt/riscv/lib/gcc/riscv32-unknown-elf/11.1.0/crtbegin.o
 *fill*         0x0000000008000284        0xc 
 .text          0x0000000008000290      0x35e /opt/riscv/bin/../lib/gcc/riscv32-unknown-elf/11.1.0/libgcc.a(_udivdi3.o)
                0x0000000008000290                __udivdi3
 *fill*         0x00000000080005ee        0x2 
 .text          0x00000000080005f0      0x31e /opt/riscv/bin/../lib/gcc/riscv32-unknown-elf/11.1.0/libgcc.a(_umoddi3.o)
                0x00000000080005f0                __umoddi3
 *fill*         0x000000000800090e        0x2 
 .text          0x0000000008000910      0x32a /opt/riscv/bin/../lib/gcc/riscv32-unknown-elf/11.1.0/libgcc.a(addsf3.o)
                0x0000000008000910                __addsf3
 *fill*         0x0000000008000c3a        0x6 
 .text          0x0000000008000c40      0x248 /opt/riscv/bin/../lib/gcc/riscv32-unknown-elf/11.1.0/libgcc.a(divsf3.o)
                0x0000000008000c40                __divsf3
 *fill*         0x0000000008000e88        0x8 
 .text          0x0000000008000e90       0x54 /opt/riscv/bin/../lib/gcc/riscv32-unknown-elf/11.1.0/libgcc.a(eqsf2.o)
                0x0000000008000e90                __nesf2
                0x0000000008000e90                __eqsf2
 *fill*         0x0000000008000ee4        0xc 
 .text          0x0000000008000ef0       0x7c /opt/riscv/bin/../lib/gcc/riscv32-unknown-elf/11.1.0/libgcc.a(gesf2.o)
                0x0000000008000ef0                __gtsf2
                0x0000000008000ef0                __gesf2
 *fill*         0x0000000008000f6c        0x4 
 .text          0x0000000008000f70       0x7c /opt/riscv/bin/../lib/gcc/riscv32-unknown-elf/11.1.0/libgcc.a(lesf2.o)
                0x0000000008000f70                __lesf2
                0x0000000008000f70                __ltsf2
 *fill*         0x0000000008000fec        0x4 
 .text          0x0000000008000ff0      0x258 /opt/riscv/bin/../lib/gcc/riscv32-unknown-elf/11.1.0/libgcc.a(mulsf3.o)
                0x0000000008000ff0                __mulsf3
 *fill*         0x0000000008001248        0x8 
 .text          0x0000000008001250      0x332 /opt/riscv/bin/../lib/gcc/riscv32-unknown-elf/11.1.0/libgcc.a(subsf3.o)
                0x0000000008001250                __subsf3
 *fill*         0x0000000008001582        0xe 
 .text          0x0000000008001590       0x34 /opt/riscv/bin/../lib/gcc/riscv32-unknown-elf/11.1.0/libgcc.a(unordsf2.o)
                0x0000000008001590                __unordsf2
 *fill*         0x00000000080015c4        0xc 
 .text          0x00000000080015d0       0x5e /opt/riscv/bin/../lib/gcc/riscv32-unknown-elf/11.1.0/libgcc.a(fixsfsi.o)
                0x00000000080015d0                __fixsfsi
 *fill*         0x000000000800162e        0x2 
 .text          0x0000000008001630       0xb8 /opt/riscv/bin/../lib/gcc/riscv32-unknown-elf/11.1.0/libgcc.a(floatsisf.o)
                0x0000000008001630                __floatsisf
 *fill*         0x00000000080016e8        0x8 
 .text          0x00000000080016f0       0x94 /opt/riscv/bin/../lib/gcc/riscv32-unknown-elf/11.1.0/libgcc.a(floatunsisf.o)
                0x00000000080016f0                __floatunsisf
 *fill*         0x0000000008001784        0xc 
 .text          0x0000000008001790       0x3c /opt/riscv/bin/../lib/gcc/riscv32-unknown-elf/11.1.0/libgcc.a(_clzsi2.o)
                0x0000000008001790                __clzsi2
 *(.text.*)
 *fill*         0x00000000080017cc        0x4 
 .text.ilog10   0x00000000080017d0       0xb8 /home/mike/development/bitbucket/sonic-src/_src/xprintf/xprintf.o
 *fill*         0x0000000008001888        0x8 
 .text.i10x     0x0000000008001890       0x7e /home/mike/development/bitbucket/sonic-src/_src/xprintf/xprintf.o
 *fill*         0x000000000800190e        0x2 
 .text.xfputc   0x0000000008001910       0x46 /home/mike/development/bitbucket/sonic-src/_src/xprintf/xprintf.o
                0x0000000008001910                xfputc
 *fill*         0x0000000008001956        0xa 
 .text.xvfprintf
                0x0000000008001960      0x570 /home/mike/development/bitbucket/sonic-src/_src/xprintf/xprintf.o
 .text.xfprintf
                0x0000000008001ed0       0x1c /home/mike/development/bitbucket/sonic-src/_src/xprintf/xprintf.o
                0x0000000008001ed0                xfprintf
 *fill*         0x0000000008001eec        0x4 
 .text.semihost_write0
                0x0000000008001ef0        0x6 /home/mike/development/bitbucket/sonic-src/_src/semihost/semihost.o
                0x0000000008001ef0                semihost_write0
 *fill*         0x0000000008001ef6        0xa 
 .text.semihost_putchar
                0x0000000008001f00       0x52 /home/mike/development/bitbucket/sonic-src/_src/semihost/semihost-putchar.o
                0x0000000008001f00                semihost_putchar
 *fill*         0x0000000008001f52        0xe 
 .text.semihost_x_request
                0x0000000008001f60        0x4 /home/mike/development/bitbucket/sonic-src/_src/semihost/semihost-rv32imac.o
                0x0000000008001f60                semihost_x_request
 *fill*         0x0000000008001f64        0xc 
 .text.rd_thread_stack_ptr
                0x0000000008001f70        0x6 /home/mike/development/bitbucket/sonic-src/_src/caribou-rtos/target/cpu/riscv/rv32imac/cpu/cpu.o
                0x0000000008001f70                rd_thread_stack_ptr
 *fill*         0x0000000008001f76        0xa 
 .text.cpu_set_initial_state
                0x0000000008001f80        0x4 /home/mike/development/bitbucket/sonic-src/_src/caribou-rtos/target/cpu/riscv/rv32imac/cpu/cpu.o
                0x0000000008001f80                cpu_set_initial_state
 *fill*         0x0000000008001f84        0xc 
 .text.SystemInit
                0x0000000008001f90      0x11c /home/mike/development/bitbucket/sonic-src/_src/caribou-rtos/target/chip/gd32/gd32vf103/lib/GD32VF103_standard_peripheral/system_gd32vf103.o
                0x0000000008001f90                SystemInit
 *fill*         0x00000000080020ac        0x4 
 .text.SystemCoreClockUpdate
                0x00000000080020b0       0xb6 /home/mike/development/bitbucket/sonic-src/_src/caribou-rtos/target/chip/gd32/gd32vf103/lib/GD32VF103_standard_peripheral/system_gd32vf103.o
                0x00000000080020b0                SystemCoreClockUpdate
 *fill*         0x0000000008002166        0xa 
 .text.adc_deinit
                0x0000000008002170       0x3e /home/mike/development/bitbucket/sonic-src/_src/caribou-rtos/target/chip/gd32/gd32vf103/lib/GD32VF103_standard_peripheral/Source/gd32vf103_adc.o
                0x0000000008002170                adc_deinit
 *fill*         0x00000000080021ae        0x2 
 .text.adc_mode_config
                0x00000000080021b0       0x1c /home/mike/development/bitbucket/sonic-src/_src/caribou-rtos/target/chip/gd32/gd32vf103/lib/GD32VF103_standard_peripheral/Source/gd32vf103_adc.o
                0x00000000080021b0                adc_mode_config
 *fill*         0x00000000080021cc        0x4 
 .text.adc_special_function_config
                0x00000000080021d0       0x48 /home/mike/development/bitbucket/sonic-src/_src/caribou-rtos/target/chip/gd32/gd32vf103/lib/GD32VF103_standard_peripheral/Source/gd32vf103_adc.o
                0x00000000080021d0                adc_special_function_config
 *fill*         0x0000000008002218        0x8 
 .text.adc_data_alignment_config
                0x0000000008002220       0x1a /home/mike/development/bitbucket/sonic-src/_src/caribou-rtos/target/chip/gd32/gd32vf103/lib/GD32VF103_standard_peripheral/Source/gd32vf103_adc.o
                0x0000000008002220                adc_data_alignment_config
 *fill*         0x000000000800223a        0x6 
 .text.adc_enable
                0x0000000008002240       0x10 /home/mike/development/bitbucket/sonic-src/_src/caribou-rtos/target/chip/gd32/gd32vf103/lib/GD32VF103_standard_peripheral/Source/gd32vf103_adc.o
                0x0000000008002240                adc_enable
 .text.adc_calibration_enable
                0x0000000008002250       0x22 /home/mike/development/bitbucket/sonic-src/_src/caribou-rtos/target/chip/gd32/gd32vf103/lib/GD32VF103_standard_peripheral/Source/gd32vf103_adc.o
                0x0000000008002250                adc_calibration_enable
 *fill*         0x0000000008002272        0xe 
 .text.adc_tempsensor_vrefint_enable
                0x0000000008002280       0x14 /home/mike/development/bitbucket/sonic-src/_src/caribou-rtos/target/chip/gd32/gd32vf103/lib/GD32VF103_standard_peripheral/Source/gd32vf103_adc.o
                0x0000000008002280                adc_tempsensor_vrefint_enable
 *fill*         0x0000000008002294        0xc 
 .text.adc_dma_mode_enable
                0x00000000080022a0        0xa /home/mike/development/bitbucket/sonic-src/_src/caribou-rtos/target/chip/gd32/gd32vf103/lib/GD32VF103_standard_peripheral/Source/gd32vf103_adc.o
                0x00000000080022a0                adc_dma_mode_enable
 *fill*         0x00000000080022aa        0x6 
 .text.adc_channel_length_config
                0x00000000080022b0       0x4a /home/mike/development/bitbucket/sonic-src/_src/caribou-rtos/target/chip/gd32/gd32vf103/lib/GD32VF103_standard_peripheral/Source/gd32vf103_adc.o
                0x00000000080022b0                adc_channel_length_config
 *fill*         0x00000000080022fa        0x6 
 .text.adc_regular_channel_config
                0x0000000008002300       0xb2 /home/mike/development/bitbucket/sonic-src/_src/caribou-rtos/target/chip/gd32/gd32vf103/lib/GD32VF103_standard_peripheral/Source/gd32vf103_adc.o
                0x0000000008002300                adc_regular_channel_config
 *fill*         0x00000000080023b2        0xe 
 .text.adc_external_trigger_source_config
                0x00000000080023c0       0x28 /home/mike/development/bitbucket/sonic-src/_src/caribou-rtos/target/chip/gd32/gd32vf103/lib/GD32VF103_standard_peripheral/Source/gd32vf103_adc.o
                0x00000000080023c0                adc_external_trigger_source_config
 *fill*         0x00000000080023e8        0x8 
 .text.adc_external_trigger_config
                0x00000000080023f0       0x3a /home/mike/development/bitbucket/sonic-src/_src/caribou-rtos/target/chip/gd32/gd32vf103/lib/GD32VF103_standard_peripheral/Source/gd32vf103_adc.o
                0x00000000080023f0                adc_external_trigger_config
 *fill*         0x000000000800242a        0x6 
 .text.adc_software_trigger_enable
                0x0000000008002430       0x20 /home/mike/development/bitbucket/sonic-src/_src/caribou-rtos/target/chip/gd32/gd32vf103/lib/GD32VF103_standard_peripheral/Source/gd32vf103_adc.o
                0x0000000008002430                adc_software_trigger_enable
 .text.adc_interrupt_enable
                0x0000000008002450       0x2a /home/mike/development/bitbucket/sonic-src/_src/caribou-rtos/target/chip/gd32/gd32vf103/lib/GD32VF103_standard_peripheral/Source/gd32vf103_adc.o
                0x0000000008002450                adc_interrupt_enable
 *fill*         0x000000000800247a        0x6 
 .text.dac_enable
                0x0000000008002480       0x1a /home/mike/development/bitbucket/sonic-src/_src/caribou-rtos/target/chip/gd32/gd32vf103/lib/GD32VF103_standard_peripheral/Source/gd32vf103_dac.o
                0x0000000008002480                dac_enable
 *fill*         0x000000000800249a        0x6 
 .text.dac_data_set
                0x00000000080024a0       0x58 /home/mike/development/bitbucket/sonic-src/_src/caribou-rtos/target/chip/gd32/gd32vf103/lib/GD32VF103_standard_peripheral/Source/gd32vf103_dac.o
                0x00000000080024a0                dac_data_set
 *fill*         0x00000000080024f8        0x8 
 .text.dma_deinit
                0x0000000008002500       0x42 /home/mike/development/bitbucket/sonic-src/_src/caribou-rtos/target/chip/gd32/gd32vf103/lib/GD32VF103_standard_peripheral/Source/gd32vf103_dma.o
                0x0000000008002500                dma_deinit
 *fill*         0x0000000008002542        0xe 
 .text.dma_init
                0x0000000008002550       0x8c /home/mike/development/bitbucket/sonic-src/_src/caribou-rtos/target/chip/gd32/gd32vf103/lib/GD32VF103_standard_peripheral/Source/gd32vf103_dma.o
                0x0000000008002550                dma_init
 *fill*         0x00000000080025dc        0x4 
 .text.dma_circulation_enable
                0x00000000080025e0       0x28 /home/mike/development/bitbucket/sonic-src/_src/caribou-rtos/target/chip/gd32/gd32vf103/lib/GD32VF103_standard_peripheral/Source/gd32vf103_dma.o
                0x00000000080025e0                dma_circulation_enable
 *fill*         0x0000000008002608        0x8 
 .text.dma_channel_enable
                0x0000000008002610       0x28 /home/mike/development/bitbucket/sonic-src/_src/caribou-rtos/target/chip/gd32/gd32vf103/lib/GD32VF103_standard_peripheral/Source/gd32vf103_dma.o
                0x0000000008002610                dma_channel_enable
 *fill*         0x0000000008002638        0x8 
 .text.timer_channel_output_mode_config
                0x0000000008002640       0x54 /home/mike/development/bitbucket/sonic-src/_src/caribou-rtos/target/chip/gd32/gd32vf103/lib/GD32VF103_standard_peripheral/Source/gd32vf103_timer.o
                0x0000000008002640                timer_channel_output_mode_config
 *fill*         0x0000000008002694        0xc 
 .text.timer_channel_output_pulse_value_config
                0x00000000080026a0       0x24 /home/mike/development/bitbucket/sonic-src/_src/caribou-rtos/target/chip/gd32/gd32vf103/lib/GD32VF103_standard_peripheral/Source/gd32vf103_timer.o
                0x00000000080026a0                timer_channel_output_pulse_value_config
 *fill*         0x00000000080026c4        0xc 
 .text.rcu_periph_clock_enable
                0x00000000080026d0       0x18 /home/mike/development/bitbucket/sonic-src/_src/caribou-rtos/target/chip/gd32/gd32vf103/lib/GD32VF103_standard_peripheral/Source/gd32vf103_rcu.o
                0x00000000080026d0                rcu_periph_clock_enable
 *fill*         0x00000000080026e8        0x8 
 .text.rcu_periph_clock_disable
                0x00000000080026f0       0x1c /home/mike/development/bitbucket/sonic-src/_src/caribou-rtos/target/chip/gd32/gd32vf103/lib/GD32VF103_standard_peripheral/Source/gd32vf103_rcu.o
                0x00000000080026f0                rcu_periph_clock_disable
 *fill*         0x000000000800270c        0x4 
 .text.rcu_periph_reset_enable
                0x0000000008002710        0x2 /home/mike/development/bitbucket/sonic-src/_src/caribou-rtos/target/chip/gd32/gd32vf103/lib/GD32VF103_standard_peripheral/Source/gd32vf103_rcu.o
                0x0000000008002710                rcu_periph_reset_enable
 *fill*         0x0000000008002712        0xe 
 .text.rcu_periph_reset_disable
                0x0000000008002720        0x2 /home/mike/development/bitbucket/sonic-src/_src/caribou-rtos/target/chip/gd32/gd32vf103/lib/GD32VF103_standard_peripheral/Source/gd32vf103_rcu.o
                0x0000000008002720                rcu_periph_reset_disable
 *fill*         0x0000000008002722        0xe 
 .text.rcu_adc_clock_config
                0x0000000008002730       0x42 /home/mike/development/bitbucket/sonic-src/_src/caribou-rtos/target/chip/gd32/gd32vf103/lib/GD32VF103_standard_peripheral/Source/gd32vf103_rcu.o
                0x0000000008002730                rcu_adc_clock_config
 *fill*         0x0000000008002772        0xe 
 .text.rcu_clock_freq_get
                0x0000000008002780      0x134 /home/mike/development/bitbucket/sonic-src/_src/caribou-rtos/target/chip/gd32/gd32vf103/lib/GD32VF103_standard_peripheral/Source/gd32vf103_rcu.o
                0x0000000008002780                rcu_clock_freq_get
 *fill*         0x00000000080028b4        0xc 
 .text.usart_baudrate_set
                0x00000000080028c0       0x62 /home/mike/development/bitbucket/sonic-src/_src/caribou-rtos/target/chip/gd32/gd32vf103/lib/GD32VF103_standard_peripheral/Source/gd32vf103_usart.o
                0x00000000080028c0                usart_baudrate_set
 *fill*         0x0000000008002922        0xe 
 .text.usart_parity_config
                0x0000000008002930       0x10 /home/mike/development/bitbucket/sonic-src/_src/caribou-rtos/target/chip/gd32/gd32vf103/lib/GD32VF103_standard_peripheral/Source/gd32vf103_usart.o
                0x0000000008002930                usart_parity_config
 .text.usart_word_length_set
                0x0000000008002940       0x12 /home/mike/development/bitbucket/sonic-src/_src/caribou-rtos/target/chip/gd32/gd32vf103/lib/GD32VF103_standard_peripheral/Source/gd32vf103_usart.o
                0x0000000008002940                usart_word_length_set
 *fill*         0x0000000008002952        0xe 
 .text.usart_stop_bit_set
                0x0000000008002960       0x12 /home/mike/development/bitbucket/sonic-src/_src/caribou-rtos/target/chip/gd32/gd32vf103/lib/GD32VF103_standard_peripheral/Source/gd32vf103_usart.o
                0x0000000008002960                usart_stop_bit_set
 *fill*         0x0000000008002972        0xe 
 .text.usart_enable
                0x0000000008002980        0xa /home/mike/development/bitbucket/sonic-src/_src/caribou-rtos/target/chip/gd32/gd32vf103/lib/GD32VF103_standard_peripheral/Source/gd32vf103_usart.o
                0x0000000008002980                usart_enable
 *fill*         0x000000000800298a        0x6 
 .text.usart_disable
                0x0000000008002990        0xc /home/mike/development/bitbucket/sonic-src/_src/caribou-rtos/target/chip/gd32/gd32vf103/lib/GD32VF103_standard_peripheral/Source/gd32vf103_usart.o
                0x0000000008002990                usart_disable
 *fill*         0x000000000800299c        0x4 
 .text.usart_transmit_config
                0x00000000080029a0        0xa /home/mike/development/bitbucket/sonic-src/_src/caribou-rtos/target/chip/gd32/gd32vf103/lib/GD32VF103_standard_peripheral/Source/gd32vf103_usart.o
                0x00000000080029a0                usart_transmit_config
 *fill*         0x00000000080029aa        0x6 
 .text.usart_receive_config
                0x00000000080029b0        0xa /home/mike/development/bitbucket/sonic-src/_src/caribou-rtos/target/chip/gd32/gd32vf103/lib/GD32VF103_standard_peripheral/Source/gd32vf103_usart.o
                0x00000000080029b0                usart_receive_config
 *fill*         0x00000000080029ba        0x6 
 .text.usart_data_transmit
                0x00000000080029c0        0x8 /home/mike/development/bitbucket/sonic-src/_src/caribou-rtos/target/chip/gd32/gd32vf103/lib/GD32VF103_standard_peripheral/Source/gd32vf103_usart.o
                0x00000000080029c0                usart_data_transmit
 *fill*         0x00000000080029c8        0x8 
 .text.usart_data_receive
                0x00000000080029d0        0x8 /home/mike/development/bitbucket/sonic-src/_src/caribou-rtos/target/chip/gd32/gd32vf103/lib/GD32VF103_standard_peripheral/Source/gd32vf103_usart.o
                0x00000000080029d0                usart_data_receive
 *fill*         0x00000000080029d8        0x8 
 .text.usart_hardware_flow_rts_config
                0x00000000080029e0        0xc /home/mike/development/bitbucket/sonic-src/_src/caribou-rtos/target/chip/gd32/gd32vf103/lib/GD32VF103_standard_peripheral/Source/gd32vf103_usart.o
                0x00000000080029e0                usart_hardware_flow_rts_config
 *fill*         0x00000000080029ec        0x4 
 .text.usart_hardware_flow_cts_config
                0x00000000080029f0        0xc /home/mike/development/bitbucket/sonic-src/_src/caribou-rtos/target/chip/gd32/gd32vf103/lib/GD32VF103_standard_peripheral/Source/gd32vf103_usart.o
                0x00000000080029f0                usart_hardware_flow_cts_config
 *fill*         0x00000000080029fc        0x4 
 .text.gpio_init
                0x0000000008002a00       0xa8 /home/mike/development/bitbucket/sonic-src/_src/caribou-rtos/target/chip/gd32/gd32vf103/lib/GD32VF103_standard_peripheral/Source/gd32vf103_gpio.o
                0x0000000008002a00                gpio_init
 *fill*         0x0000000008002aa8        0x8 
 .text.gpio_bit_reset
                0x0000000008002ab0        0x4 /home/mike/development/bitbucket/sonic-src/_src/caribou-rtos/target/chip/gd32/gd32vf103/lib/GD32VF103_standard_peripheral/Source/gd32vf103_gpio.o
                0x0000000008002ab0                gpio_bit_reset
 *fill*         0x0000000008002ab4        0xc 
 .text.eclic_priority_group_set
                0x0000000008002ac0        0x6 /home/mike/development/bitbucket/sonic-src/_src/caribou-rtos/target/chip/gd32/gd32vf103/lib/GD32VF103_standard_peripheral/Source/gd32vf103_eclic.o
                0x0000000008002ac0                eclic_priority_group_set
 *fill*         0x0000000008002ac6        0xa 
 .text.eclic_system_reset
                0x0000000008002ad0       0x14 /home/mike/development/bitbucket/sonic-src/_src/caribou-rtos/target/chip/gd32/gd32vf103/lib/GD32VF103_standard_peripheral/Source/gd32vf103_eclic.o
                0x0000000008002ad0                eclic_system_reset
 *fill*         0x0000000008002ae4        0xc 
 .text.fmc_wscnt_set
                0x0000000008002af0        0xe /home/mike/development/bitbucket/sonic-src/_src/caribou-rtos/target/chip/gd32/gd32vf103/lib/GD32VF103_standard_peripheral/Source/gd32vf103_fmc.o
                0x0000000008002af0                fmc_wscnt_set
 *fill*         0x0000000008002afe        0x2 
 .text.eclic_init
                0x0000000008002b00       0x26 /home/mike/development/bitbucket/sonic-src/_src/caribou-rtos/target/chip/gd32/gd32vf103/lib/RISCV/drivers/n200_func.o
                0x0000000008002b00                eclic_init
 *fill*         0x0000000008002b26        0xa 
 .text.eclic_enable_interrupt
                0x0000000008002b30       0x12 /home/mike/development/bitbucket/sonic-src/_src/caribou-rtos/target/chip/gd32/gd32vf103/lib/RISCV/drivers/n200_func.o
                0x0000000008002b30                eclic_enable_interrupt
 *fill*         0x0000000008002b42        0xe 
 .text.eclic_disable_interrupt
                0x0000000008002b50       0x10 /home/mike/development/bitbucket/sonic-src/_src/caribou-rtos/target/chip/gd32/gd32vf103/lib/RISCV/drivers/n200_func.o
                0x0000000008002b50                eclic_disable_interrupt
 .text.eclic_set_nlbits
                0x0000000008002b60       0x18 /home/mike/development/bitbucket/sonic-src/_src/caribou-rtos/target/chip/gd32/gd32vf103/lib/RISCV/drivers/n200_func.o
                0x0000000008002b60                eclic_set_nlbits
 *fill*         0x0000000008002b78        0x8 
 .text.eclic_get_nlbits
                0x0000000008002b80        0xe /home/mike/development/bitbucket/sonic-src/_src/caribou-rtos/target/chip/gd32/gd32vf103/lib/RISCV/drivers/n200_func.o
                0x0000000008002b80                eclic_get_nlbits
 *fill*         0x0000000008002b8e        0x2 
 .text.eclic_set_irq_lvl_abs
                0x0000000008002b90       0x54 /home/mike/development/bitbucket/sonic-src/_src/caribou-rtos/target/chip/gd32/gd32vf103/lib/RISCV/drivers/n200_func.o
                0x0000000008002b90                eclic_set_irq_lvl_abs
 *fill*         0x0000000008002be4        0xc 
 .text.eclic_set_irq_priority
                0x0000000008002bf0       0x50 /home/mike/development/bitbucket/sonic-src/_src/caribou-rtos/target/chip/gd32/gd32vf103/lib/RISCV/drivers/n200_func.o
                0x0000000008002bf0                eclic_set_irq_priority
 *fill*         0x0000000008002c40        0x0 
 .text.eclic_mode_enable
                0x0000000008002c40       0x12 /home/mike/development/bitbucket/sonic-src/_src/caribou-rtos/target/chip/gd32/gd32vf103/lib/RISCV/drivers/n200_func.o
                0x0000000008002c40                eclic_mode_enable
 *fill*         0x0000000008002c52        0xe 
 .text.eclic_set_vmode
                0x0000000008002c60       0x18 /home/mike/development/bitbucket/sonic-src/_src/caribou-rtos/target/chip/gd32/gd32vf103/lib/RISCV/drivers/n200_func.o
                0x0000000008002c60                eclic_set_vmode
 *fill*         0x0000000008002c78        0x8 
 .text.eclic_set_level_trig
                0x0000000008002c80       0x18 /home/mike/development/bitbucket/sonic-src/_src/caribou-rtos/target/chip/gd32/gd32vf103/lib/RISCV/drivers/n200_func.o
                0x0000000008002c80                eclic_set_level_trig
 *fill*         0x0000000008002c98        0x8 
 .text.chip_int_handler
                0x0000000008002ca0       0xd8 /home/mike/development/bitbucket/sonic-src/_src/caribou-rtos/target/chip/gd32/gd32vf103/src/chip.o
                0x0000000008002cc0                chip_int_handler
 *fill*         0x0000000008002d78        0x8 
 .text.chip_idle
                0x0000000008002d80        0x4 /home/mike/development/bitbucket/sonic-src/_src/caribou-rtos/target/chip/gd32/gd32vf103/src/chip.o
                0x0000000008002d80                chip_idle
 *fill*         0x0000000008002d84        0xc 
 .text.chip_init
                0x0000000008002d90       0xa4 /home/mike/development/bitbucket/sonic-src/_src/caribou-rtos/target/chip/gd32/gd32vf103/src/chip.o
                0x0000000008002d90                chip_init
 *fill*         0x0000000008002e34        0xc 
 .text.chip_vector_enable
                0x0000000008002e40       0x46 /home/mike/development/bitbucket/sonic-src/_src/caribou-rtos/target/chip/gd32/gd32vf103/src/chip.o
                0x0000000008002e40                chip_vector_enable
 *fill*         0x0000000008002e86        0xa 
 .text.chip_vector_disable
                0x0000000008002e90       0x30 /home/mike/development/bitbucket/sonic-src/_src/caribou-rtos/target/chip/gd32/gd32vf103/src/chip.o
                0x0000000008002e90                chip_vector_disable
 *fill*         0x0000000008002ec0        0x0 
 .text.chip_reset
                0x0000000008002ec0        0x2 /home/mike/development/bitbucket/sonic-src/_src/caribou-rtos/target/chip/gd32/gd32vf103/src/chip.o
                0x0000000008002ec0                chip_reset
 *fill*         0x0000000008002ec2        0xe 
 .text.chip_gpio_set
                0x0000000008002ed0        0x4 /home/mike/development/bitbucket/sonic-src/_src/caribou-rtos/target/chip/gd32/gd32vf103/src/gpio.o
                0x0000000008002ed0                chip_gpio_set
 *fill*         0x0000000008002ed4        0xc 
 .text.chip_gpio_reset
                0x0000000008002ee0        0x6 /home/mike/development/bitbucket/sonic-src/_src/caribou-rtos/target/chip/gd32/gd32vf103/src/gpio.o
                0x0000000008002ee0                chip_gpio_reset
 *fill*         0x0000000008002ee6        0xa 
 .text.chip_uart_int_enabled
                0x0000000008002ef0        0xa /home/mike/development/bitbucket/sonic-src/_src/caribou-rtos/target/chip/gd32/gd32vf103/src/uart.o
                0x0000000008002ef0                chip_uart_int_enabled
 *fill*         0x0000000008002efa        0x6 
 .text.chip_uart_int_disable
                0x0000000008002f00       0x1c /home/mike/development/bitbucket/sonic-src/_src/caribou-rtos/target/chip/gd32/gd32vf103/src/uart.o
                0x0000000008002f00                chip_uart_int_disable
 *fill*         0x0000000008002f1c        0x4 
 .text.chip_uart_set_config
                0x0000000008002f20       0xf0 /home/mike/development/bitbucket/sonic-src/_src/caribou-rtos/target/chip/gd32/gd32vf103/src/uart.o
                0x0000000008002f20                chip_uart_set_config
 *fill*         0x0000000008003010        0x0 
 .text.chip_uart_open
                0x0000000008003010        0x2 /home/mike/development/bitbucket/sonic-src/_src/caribou-rtos/target/chip/gd32/gd32vf103/src/uart.o
                0x0000000008003010                chip_uart_open
 *fill*         0x0000000008003012        0xe 
 .text.chip_uart_set_rx_queue
                0x0000000008003020        0x6 /home/mike/development/bitbucket/sonic-src/_src/caribou-rtos/target/chip/gd32/gd32vf103/src/uart.o
                0x0000000008003020                chip_uart_set_rx_queue
 *fill*         0x0000000008003026        0xa 
 .text.chip_uart_set_tx_queue
                0x0000000008003030        0x6 /home/mike/development/bitbucket/sonic-src/_src/caribou-rtos/target/chip/gd32/gd32vf103/src/uart.o
                0x0000000008003030                chip_uart_set_tx_queue
 *fill*         0x0000000008003036        0xa 
 .text.chip_uart_rx_queue
                0x0000000008003040        0x4 /home/mike/development/bitbucket/sonic-src/_src/caribou-rtos/target/chip/gd32/gd32vf103/src/uart.o
                0x0000000008003040                chip_uart_rx_queue
 *fill*         0x0000000008003044        0xc 
 .text.chip_uart_tx_queue
                0x0000000008003050        0x4 /home/mike/development/bitbucket/sonic-src/_src/caribou-rtos/target/chip/gd32/gd32vf103/src/uart.o
                0x0000000008003050                chip_uart_tx_queue
 *fill*         0x0000000008003054        0xc 
 .text.chip_uart_interrupt_vector
                0x0000000008003060        0x6 /home/mike/development/bitbucket/sonic-src/_src/caribou-rtos/target/chip/gd32/gd32vf103/src/uart.o
                0x0000000008003060                chip_uart_interrupt_vector
 *fill*         0x0000000008003066        0xa 
 .text.chip_uart_status
                0x0000000008003070        0x4 /home/mike/development/bitbucket/sonic-src/_src/caribou-rtos/target/chip/gd32/gd32vf103/src/uart.o
                0x0000000008003070                chip_uart_status
 *fill*         0x0000000008003074        0xc 
 .text.chip_uart_tx_ready
                0x0000000008003080        0xa /home/mike/development/bitbucket/sonic-src/_src/caribou-rtos/target/chip/gd32/gd32vf103/src/uart.o
                0x0000000008003080                chip_uart_tx_ready
 *fill*         0x000000000800308a        0x6 
 .text.chip_uart_rx_ready
                0x0000000008003090        0xa /home/mike/development/bitbucket/sonic-src/_src/caribou-rtos/target/chip/gd32/gd32vf103/src/uart.o
                0x0000000008003090                chip_uart_rx_ready
 *fill*         0x000000000800309a        0x6 
 .text.chip_uart_tx_data
                0x00000000080030a0       0x18 /home/mike/development/bitbucket/sonic-src/_src/caribou-rtos/target/chip/gd32/gd32vf103/src/uart.o
                0x00000000080030a0                chip_uart_tx_data
 *fill*         0x00000000080030b8        0x8 
 .text.chip_uart_rx_data
                0x00000000080030c0       0x10 /home/mike/development/bitbucket/sonic-src/_src/caribou-rtos/target/chip/gd32/gd32vf103/src/uart.o
                0x00000000080030c0                chip_uart_rx_data
 *fill*         0x00000000080030d0        0x0 
 .text.chip_uart_tx_start
                0x00000000080030d0        0xc /home/mike/development/bitbucket/sonic-src/_src/caribou-rtos/target/chip/gd32/gd32vf103/src/uart.o
                0x00000000080030d0                chip_uart_tx_start
 *fill*         0x00000000080030dc        0x4 
 .text.chip_uart_tx_stop
                0x00000000080030e0        0xc /home/mike/development/bitbucket/sonic-src/_src/caribou-rtos/target/chip/gd32/gd32vf103/src/uart.o
                0x00000000080030e0                chip_uart_tx_stop
 *fill*         0x00000000080030ec        0x4 
 .text.early_init
                0x00000000080030f0       0x10 /home/mike/development/bitbucket/sonic-src/_src/_bsp/sonic1/board.o
                0x00000000080030f0                early_init
 *fill*         0x0000000008003100        0x0 
 .text.late_init
                0x0000000008003100        0x2 /home/mike/development/bitbucket/sonic-src/_src/_bsp/sonic1/board.o
                0x0000000008003100                late_init
 *fill*         0x0000000008003102        0xe 
 .text.board_idle
                0x0000000008003110        0x2 /home/mike/development/bitbucket/sonic-src/_src/_bsp/sonic1/board.o
                0x0000000008003110                board_idle
 *fill*         0x0000000008003112        0xe 
 .text._bss_init
                0x0000000008003120       0x4a /home/mike/development/bitbucket/sonic-src/_src/_bsp/sonic1/bss_init.o
                0x0000000008003120                _bss_init
 *fill*         0x000000000800316a        0x6 
 .text._ctor_init
                0x0000000008003170       0x2e /home/mike/development/bitbucket/sonic-src/_src/_bsp/sonic1/ctor_init.o
                0x0000000008003170                _ctor_init
 *fill*         0x000000000800319e        0x2 
 .text._ctor_deinit
                0x00000000080031a0       0x2e /home/mike/development/bitbucket/sonic-src/_src/_bsp/sonic1/ctor_init.o
                0x00000000080031a0                _ctor_deinit
 *fill*         0x00000000080031ce        0x2 
 .text.hw_clocks_setup
                0x00000000080031d0       0x9e /home/mike/development/bitbucket/sonic-src/_src/_bsp/sonic1/hw_clocks.o
                0x00000000080031d0                hw_clocks_setup
 *fill*         0x000000000800326e        0x2 
 .text.fault_cause
                0x0000000008003270      0x10a /home/mike/development/bitbucket/sonic-src/_src/_bsp/sonic1/hw_fault.o
 *fill*         0x000000000800337a        0x6 
 .text._fault   0x0000000008003380      0x140 /home/mike/development/bitbucket/sonic-src/_src/_bsp/sonic1/hw_fault.o
                0x0000000008003380                _fault
 *fill*         0x00000000080034c0        0x0 
 .text.notify_heap_invalid_dealloc
                0x00000000080034c0        0x4 /home/mike/development/bitbucket/sonic-src/_src/_bsp/sonic1/hw_fault.o
                0x00000000080034c0                notify_heap_invalid_dealloc
 *fill*         0x00000000080034c4        0xc 
 .text.notify_heap_alloc_failed
                0x00000000080034d0        0x4 /home/mike/development/bitbucket/sonic-src/_src/_bsp/sonic1/hw_fault.o
                0x00000000080034d0                notify_heap_alloc_failed
 *fill*         0x00000000080034d4        0xc 
 .text.hw_gpio_setup
                0x00000000080034e0       0x62 /home/mike/development/bitbucket/sonic-src/_src/_bsp/sonic1/hw_gpio.o
                0x00000000080034e0                hw_gpio_setup
 *fill*         0x0000000008003542        0xe 
 .text.hw_pin_setup
                0x0000000008003550      0x138 /home/mike/development/bitbucket/sonic-src/_src/_bsp/sonic1/hw_pin.o
                0x0000000008003550                hw_pin_setup
 *fill*         0x0000000008003688        0x8 
 .text.hw_usart_setup
                0x0000000008003690       0x44 /home/mike/development/bitbucket/sonic-src/_src/_bsp/sonic1/hw_usart.o
                0x0000000008003690                hw_usart_setup
 *fill*         0x00000000080036d4        0xc 
 .text.hw_dac_set
                0x00000000080036e0        0xc /home/mike/development/bitbucket/sonic-src/_src/_bsp/sonic1/hw_dac.o
                0x00000000080036e0                hw_dac_set
 *fill*         0x00000000080036ec        0x4 
 .text.hw_dac_setup
                0x00000000080036f0       0x20 /home/mike/development/bitbucket/sonic-src/_src/_bsp/sonic1/hw_dac.o
                0x00000000080036f0                hw_dac_setup
 *fill*         0x0000000008003710        0x0 
 .text.adc_isr  0x0000000008003710       0x10 /home/mike/development/bitbucket/sonic-src/_src/_bsp/sonic1/hw_adc.o
 .text.hw_adc_setup
                0x0000000008003720      0x1d2 /home/mike/development/bitbucket/sonic-src/_src/_bsp/sonic1/hw_adc.o
                0x0000000008003720                hw_adc_setup
 *fill*         0x00000000080038f2        0xe 
 .text.hw_adc_start
                0x0000000008003900        0x2 /home/mike/development/bitbucket/sonic-src/_src/_bsp/sonic1/hw_adc.o
                0x0000000008003900                hw_adc_start
 *fill*         0x0000000008003902        0xe 
 .text.hw_adc_read_channel
                0x0000000008003910       0x12 /home/mike/development/bitbucket/sonic-src/_src/_bsp/sonic1/hw_adc.o
                0x0000000008003910                hw_adc_read_channel
 *fill*         0x0000000008003922        0xe 
 .text.hw_tim_tx_gen_enable
                0x0000000008003930       0x12 /home/mike/development/bitbucket/sonic-src/_src/_bsp/sonic1/hw_tim_tx_gen.o
                0x0000000008003930                hw_tim_tx_gen_enable
 *fill*         0x0000000008003942        0xe 
 .text.hw_tim_tx_trigger
                0x0000000008003950        0x2 /home/mike/development/bitbucket/sonic-src/_src/_bsp/sonic1/hw_tim_tx_gen.o
                0x0000000008003950                hw_tim_tx_trigger
 *fill*         0x0000000008003952        0xe 
 .text.hw_tim_tx_gen_disable
                0x0000000008003960       0x12 /home/mike/development/bitbucket/sonic-src/_src/_bsp/sonic1/hw_tim_tx_gen.o
                0x0000000008003960                hw_tim_tx_gen_disable
 *fill*         0x0000000008003972        0xe 
 .text.hw_tim_tx_gen_enable_int
                0x0000000008003980        0xa /home/mike/development/bitbucket/sonic-src/_src/_bsp/sonic1/hw_tim_tx_gen.o
                0x0000000008003980                hw_tim_tx_gen_enable_int
 *fill*         0x000000000800398a        0x6 
 .text.hw_tim_tx_gen_clear_int
                0x0000000008003990        0x6 /home/mike/development/bitbucket/sonic-src/_src/_bsp/sonic1/hw_tim_tx_gen.o
                0x0000000008003990                hw_tim_tx_gen_clear_int
 *fill*         0x0000000008003996        0xa 
 .text.hw_tim_tx_gen_reset
                0x00000000080039a0        0xc /home/mike/development/bitbucket/sonic-src/_src/_bsp/sonic1/hw_tim_tx_gen.o
                0x00000000080039a0                hw_tim_tx_gen_reset
 *fill*         0x00000000080039ac        0x4 
 .text.hw_tim_tx_gen_setup
                0x00000000080039b0      0x186 /home/mike/development/bitbucket/sonic-src/_src/_bsp/sonic1/hw_tim_tx_gen.o
                0x00000000080039b0                hw_tim_tx_gen_setup
 *fill*         0x0000000008003b36        0xa 
 .text.hw_tim_tx_gen_set_cycles
                0x0000000008003b40        0xe /home/mike/development/bitbucket/sonic-src/_src/_bsp/sonic1/hw_tim_tx_gen.o
                0x0000000008003b40                hw_tim_tx_gen_set_cycles
 *fill*         0x0000000008003b4e        0x2 
 .text.hw_tim_trigger_setup
                0x0000000008003b50       0x32 /home/mike/development/bitbucket/sonic-src/_src/_bsp/sonic1/hw_tim_trigger.o
                0x0000000008003b50                hw_tim_trigger_setup
 *fill*         0x0000000008003b82        0xe 
 .text.hw_tim_trigger_enable
                0x0000000008003b90        0xa /home/mike/development/bitbucket/sonic-src/_src/_bsp/sonic1/hw_tim_trigger.o
                0x0000000008003b90                hw_tim_trigger_enable
 *fill*         0x0000000008003b9a        0x6 
 .text.hw_tim_trigger_disable
                0x0000000008003ba0        0xa /home/mike/development/bitbucket/sonic-src/_src/_bsp/sonic1/hw_tim_trigger.o
                0x0000000008003ba0                hw_tim_trigger_disable
 *fill*         0x0000000008003baa        0x6 
 .text.hw_tim_trigger_clear_int
                0x0000000008003bb0        0xa /home/mike/development/bitbucket/sonic-src/_src/_bsp/sonic1/hw_tim_trigger.o
                0x0000000008003bb0                hw_tim_trigger_clear_int
 *fill*         0x0000000008003bba        0x6 
 .text.ll_uart_putc.isra.0
                0x0000000008003bc0       0x36 /home/mike/development/bitbucket/sonic-src/_src/caribou-rtos/caribou/src/dev/uart.o
 *fill*         0x0000000008003bf6        0xa 
 .text.ll_uart_read
                0x0000000008003c00       0x42 /home/mike/development/bitbucket/sonic-src/_src/caribou-rtos/caribou/src/dev/uart.o
 *fill*         0x0000000008003c42        0xe 
 .text.caribou_uart_close
                0x0000000008003c50       0x5e /home/mike/development/bitbucket/sonic-src/_src/caribou-rtos/caribou/src/dev/uart.o
                0x0000000008003c50                caribou_uart_close
 *fill*         0x0000000008003cae        0x2 
 .text.caribou_uart_init_config
                0x0000000008003cb0       0x32 /home/mike/development/bitbucket/sonic-src/_src/caribou-rtos/caribou/src/dev/uart.o
                0x0000000008003cb0                caribou_uart_init_config
 *fill*         0x0000000008003ce2        0xe 
 .text.caribou_uart_set_config
                0x0000000008003cf0       0x16 /home/mike/development/bitbucket/sonic-src/_src/caribou-rtos/caribou/src/dev/uart.o
                0x0000000008003cf0                caribou_uart_set_config
 *fill*         0x0000000008003d06        0xa 
 .text.caribou_uart_open
                0x0000000008003d10       0xb0 /home/mike/development/bitbucket/sonic-src/_src/caribou-rtos/caribou/src/dev/uart.o
                0x0000000008003d10                caribou_uart_open
 *fill*         0x0000000008003dc0        0x0 
 .text.caribou_uart_private_statefn
                0x0000000008003dc0        0x6 /home/mike/development/bitbucket/sonic-src/_src/caribou-rtos/caribou/src/dev/uart.o
                0x0000000008003dc0                caribou_uart_private_statefn
 *fill*         0x0000000008003dc6        0xa 
 .text.caribou_uart_private_readfn
                0x0000000008003dd0       0x36 /home/mike/development/bitbucket/sonic-src/_src/caribou-rtos/caribou/src/dev/uart.o
                0x0000000008003dd0                caribou_uart_private_readfn
 *fill*         0x0000000008003e06        0xa 
 .text.caribou_uart_private_readqueuefn
                0x0000000008003e10       0x12 /home/mike/development/bitbucket/sonic-src/_src/caribou-rtos/caribou/src/dev/uart.o
                0x0000000008003e10                caribou_uart_private_readqueuefn
 *fill*         0x0000000008003e22        0xe 
 .text.caribou_uart_private_writefn
                0x0000000008003e30       0x52 /home/mike/development/bitbucket/sonic-src/_src/caribou-rtos/caribou/src/dev/uart.o
                0x0000000008003e30                caribou_uart_private_writefn
 *fill*         0x0000000008003e82        0xe 
 .text.caribou_uart_private_writequeuefn
                0x0000000008003e90       0x12 /home/mike/development/bitbucket/sonic-src/_src/caribou-rtos/caribou/src/dev/uart.o
                0x0000000008003e90                caribou_uart_private_writequeuefn
 *fill*         0x0000000008003ea2        0xe 
 .text.caribou_uart_isr
                0x0000000008003eb0       0x8a /home/mike/development/bitbucket/sonic-src/_src/caribou-rtos/caribou/src/dev/uart.o
                0x0000000008003eb0                caribou_uart_isr
 *fill*         0x0000000008003f3a        0x6 
 .text.caribou_hw_init
                0x0000000008003f40        0x2 /home/mike/development/bitbucket/sonic-src/_src/caribou-rtos/caribou/src/kernel/caribou.o
                0x0000000008003f40                caribou_hw_init
 *fill*         0x0000000008003f42        0xe 
 .text.caribou_exec
                0x0000000008003f50        0x2 /home/mike/development/bitbucket/sonic-src/_src/caribou-rtos/caribou/src/kernel/caribou.o
                0x0000000008003f50                caribou_exec
 *fill*         0x0000000008003f52        0xe 
 .text.caribou_init_clock
                0x0000000008003f60       0x28 /home/mike/development/bitbucket/sonic-src/_src/caribou-rtos/caribou/src/kernel/caribou.o
                0x0000000008003f60                caribou_init_clock
 *fill*         0x0000000008003f88        0x8 
 .text.caribou_init
                0x0000000008003f90       0x1e /home/mike/development/bitbucket/sonic-src/_src/caribou-rtos/caribou/src/kernel/caribou.o
                0x0000000008003f90                caribou_init
 *fill*         0x0000000008003fae        0x2 
 .text.caribou_private_init
                0x0000000008003fb0       0x1e /home/mike/development/bitbucket/sonic-src/_src/caribou-rtos/caribou/src/kernel/caribou.o
                0x0000000008003fb0                caribou_private_init
 *fill*         0x0000000008003fce        0x2 
 .text.caribou_vector_installed
                0x0000000008003fd0       0x40 /home/mike/development/bitbucket/sonic-src/_src/caribou-rtos/caribou/src/kernel/interrupt.o
                0x0000000008003fd0                caribou_vector_installed
 .text.caribou_vector_install
                0x0000000008004010       0x3a /home/mike/development/bitbucket/sonic-src/_src/caribou-rtos/caribou/src/kernel/interrupt.o
                0x0000000008004010                caribou_vector_install
 *fill*         0x000000000800404a        0x6 
 .text.caribou_interrupt_service
                0x0000000008004050       0x18 /home/mike/development/bitbucket/sonic-src/_src/caribou-rtos/caribou/src/kernel/interrupt.o
                0x0000000008004050                caribou_interrupt_service
 *fill*         0x0000000008004068        0x8 
 .text.caribou_ipc_init
                0x0000000008004070       0x2a /home/mike/development/bitbucket/sonic-src/_src/caribou-rtos/caribou/src/kernel/ipc.o
                0x0000000008004070                caribou_ipc_init
 *fill*         0x000000000800409a        0x6 
 .text._caribou_thread_fault_emit
                0x00000000080040a0       0x22 /home/mike/development/bitbucket/sonic-src/_src/caribou-rtos/caribou/src/kernel/thread.o
                0x00000000080040a0                _caribou_thread_fault_emit
 *fill*         0x00000000080040c2        0xe 
 .text.caribou_thread_watchdog_start
                0x00000000080040d0       0x18 /home/mike/development/bitbucket/sonic-src/_src/caribou-rtos/caribou/src/kernel/thread.o
                0x00000000080040d0                caribou_thread_watchdog_start
 *fill*         0x00000000080040e8        0x8 
 .text.caribou_thread_current
                0x00000000080040f0        0xc /home/mike/development/bitbucket/sonic-src/_src/caribou-rtos/caribou/src/kernel/thread.o
                0x00000000080040f0                caribou_thread_current
 *fill*         0x00000000080040fc        0x4 
 .text.caribou_thread_wfi
                0x0000000008004100        0x6 /home/mike/development/bitbucket/sonic-src/_src/caribou-rtos/caribou/src/kernel/thread.o
                0x0000000008004100                caribou_thread_wfi
 *fill*         0x0000000008004106        0xa 
 .text.caribou_thread_yield
                0x0000000008004110       0x18 /home/mike/development/bitbucket/sonic-src/_src/caribou-rtos/caribou/src/kernel/thread.o
                0x0000000008004110                caribou_thread_yield
 *fill*         0x0000000008004128        0x8 
 .text.thread_finish
                0x0000000008004130        0x8 /home/mike/development/bitbucket/sonic-src/_src/caribou-rtos/caribou/src/kernel/thread.o
 *fill*         0x0000000008004138        0x8 
 .text.caribou_thread_terminate
                0x0000000008004140       0x68 /home/mike/development/bitbucket/sonic-src/_src/caribou-rtos/caribou/src/kernel/thread.o
                0x0000000008004140                caribou_thread_terminate
 *fill*         0x00000000080041a8        0x8 
 .text.caribou_thread_create
                0x00000000080041b0      0x126 /home/mike/development/bitbucket/sonic-src/_src/caribou-rtos/caribou/src/kernel/thread.o
                0x00000000080041b0                caribou_thread_create
 *fill*         0x00000000080042d6        0xa 
 .text.caribou_thread_init
                0x00000000080042e0       0x2a /home/mike/development/bitbucket/sonic-src/_src/caribou-rtos/caribou/src/kernel/thread.o
                0x00000000080042e0                caribou_thread_init
 *fill*         0x000000000800430a        0x6 
 .text.caribou_thread_once
                0x0000000008004310       0x94 /home/mike/development/bitbucket/sonic-src/_src/caribou-rtos/caribou/src/kernel/thread.o
                0x0000000008004310                caribou_thread_once
 *fill*         0x00000000080043a4        0xc 
 .text.caribou_thread_exec
                0x00000000080043b0        0xc /home/mike/development/bitbucket/sonic-src/_src/caribou-rtos/caribou/src/kernel/thread.o
                0x00000000080043b0                caribou_thread_exec
 *fill*         0x00000000080043bc        0x4 
 .text.caribou_swap_thread
                0x00000000080043c0       0x50 /home/mike/development/bitbucket/sonic-src/_src/caribou-rtos/caribou/src/kernel/sched.o
                0x00000000080043c0                caribou_swap_thread
 .text.append_timer_node.isra.0
                0x0000000008004410       0x84 /home/mike/development/bitbucket/sonic-src/_src/caribou-rtos/caribou/src/kernel/timer.o
 *fill*         0x0000000008004494        0xc 
 .text.caribou_timer_expired
                0x00000000080044a0        0x8 /home/mike/development/bitbucket/sonic-src/_src/caribou-rtos/caribou/src/kernel/timer.o
                0x00000000080044a0                caribou_timer_expired
 *fill*         0x00000000080044a8        0x8 
 .text.caribou_timer_init
                0x00000000080044b0       0x4e /home/mike/development/bitbucket/sonic-src/_src/caribou-rtos/caribou/src/kernel/timer.o
                0x00000000080044b0                caribou_timer_init
 *fill*         0x00000000080044fe        0x2 
 .text.caribou_timer_set
                0x0000000008004500       0x36 /home/mike/development/bitbucket/sonic-src/_src/caribou-rtos/caribou/src/kernel/timer.o
                0x0000000008004500                caribou_timer_set
 *fill*         0x0000000008004536        0xa 
 .text.caribou_timer_delete
                0x0000000008004540       0x7e /home/mike/development/bitbucket/sonic-src/_src/caribou-rtos/caribou/src/kernel/timer.o
                0x0000000008004540                caribou_timer_delete
 *fill*         0x00000000080045be        0x2 
 .text.caribou_timer_delete_all
                0x00000000080045c0       0x1a /home/mike/development/bitbucket/sonic-src/_src/caribou-rtos/caribou/src/kernel/timer.o
                0x00000000080045c0                caribou_timer_delete_all
 *fill*         0x00000000080045da        0x6 
 .text.caribou_timer_idle
                0x00000000080045e0       0xa8 /home/mike/development/bitbucket/sonic-src/_src/caribou-rtos/caribou/src/kernel/timer.o
                0x00000000080045e0                caribou_timer_idle
 *fill*         0x0000000008004688        0x8 
 .text.caribou_pendsv
                0x0000000008004690       0xba /home/mike/development/bitbucket/sonic-src/_src/caribou-rtos/caribou/src/kernel/isr.o
                0x0000000008004690                caribou_pendsv
 *fill*         0x000000000800474a        0x6 
 .text.caribou_systick
                0x0000000008004750       0xd6 /home/mike/development/bitbucket/sonic-src/_src/caribou-rtos/caribou/src/kernel/isr.o
                0x0000000008004750                caribou_systick
 *fill*         0x0000000008004826        0xa 
 .text.caribou_bytequeue_new
                0x0000000008004830       0x40 /home/mike/development/bitbucket/sonic-src/_src/caribou-rtos/caribou/src/lib/bytequeue.o
                0x0000000008004830                caribou_bytequeue_new
 .text.caribou_bytequeue_free
                0x0000000008004870       0x3c /home/mike/development/bitbucket/sonic-src/_src/caribou-rtos/caribou/src/lib/bytequeue.o
                0x0000000008004870                caribou_bytequeue_free
 *fill*         0x00000000080048ac        0x4 
 .text.caribou_bytequeue_init
                0x00000000080048b0       0x38 /home/mike/development/bitbucket/sonic-src/_src/caribou-rtos/caribou/src/lib/bytequeue.o
                0x00000000080048b0                caribou_bytequeue_init
 *fill*         0x00000000080048e8        0x8 
 .text.caribou_bytequeue_empty
                0x00000000080048f0       0x5a /home/mike/development/bitbucket/sonic-src/_src/caribou-rtos/caribou/src/lib/bytequeue.o
                0x00000000080048f0                caribou_bytequeue_empty
 *fill*         0x000000000800494a        0x6 
 .text.caribou_bytequeue_level
                0x0000000008004950       0x82 /home/mike/development/bitbucket/sonic-src/_src/caribou-rtos/caribou/src/lib/bytequeue.o
                0x0000000008004950                caribou_bytequeue_level
 *fill*         0x00000000080049d2        0xe 
 .text.caribou_bytequeue_put
                0x00000000080049e0       0xc6 /home/mike/development/bitbucket/sonic-src/_src/caribou-rtos/caribou/src/lib/bytequeue.o
                0x00000000080049e0                caribou_bytequeue_put
 *fill*         0x0000000008004aa6        0xa 
 .text.caribou_bytequeue_get
                0x0000000008004ab0       0x7e /home/mike/development/bitbucket/sonic-src/_src/caribou-rtos/caribou/src/lib/bytequeue.o
                0x0000000008004ab0                caribou_bytequeue_get
 *fill*         0x0000000008004b2e        0x2 
 .text.get_bitmap_bit
                0x0000000008004b30       0x28 /home/mike/development/bitbucket/sonic-src/_src/caribou-rtos/caribou/src/lib/heap.o
 *fill*         0x0000000008004b58        0x8 
 .text.locate_free
                0x0000000008004b60       0x8e /home/mike/development/bitbucket/sonic-src/_src/caribou-rtos/caribou/src/lib/heap.o
 *fill*         0x0000000008004bee        0x2 
 .text.set_bitmap_bit
                0x0000000008004bf0       0x2a /home/mike/development/bitbucket/sonic-src/_src/caribou-rtos/caribou/src/lib/heap.o
 *fill*         0x0000000008004c1a        0x6 
 .text.blocks_used
                0x0000000008004c20       0x46 /home/mike/development/bitbucket/sonic-src/_src/caribou-rtos/caribou/src/lib/heap.o
 *fill*         0x0000000008004c66        0xa 
 .text.notify_heap_alloc
                0x0000000008004c70        0x2 /home/mike/development/bitbucket/sonic-src/_src/caribou-rtos/caribou/src/lib/heap.o
                0x0000000008004c70                notify_heap_alloc
 *fill*         0x0000000008004c72        0xe 
 .text.allocate
                0x0000000008004c80       0x82 /home/mike/development/bitbucket/sonic-src/_src/caribou-rtos/caribou/src/lib/heap.o
 *fill*         0x0000000008004d02        0xe 
 .text.notify_heap_dealloc
                0x0000000008004d10        0x2 /home/mike/development/bitbucket/sonic-src/_src/caribou-rtos/caribou/src/lib/heap.o
                0x0000000008004d10                notify_heap_dealloc
 *fill*         0x0000000008004d12        0xe 
 .text.deallocate.isra.0
                0x0000000008004d20       0x6a /home/mike/development/bitbucket/sonic-src/_src/caribou-rtos/caribou/src/lib/heap.o
 *fill*         0x0000000008004d8a        0x6 
 .text.caribou_heap_init
                0x0000000008004d90       0xc8 /home/mike/development/bitbucket/sonic-src/_src/caribou-rtos/caribou/src/lib/heap.o
                0x0000000008004d90                caribou_heap_init
 *fill*         0x0000000008004e58        0x8 
 .text.caribou_heap_malloc
                0x0000000008004e60       0xb4 /home/mike/development/bitbucket/sonic-src/_src/caribou-rtos/caribou/src/lib/heap.o
                0x0000000008004e60                caribou_heap_malloc
 *fill*         0x0000000008004f14        0xc 
 .text.caribou_heap_free
                0x0000000008004f20       0x98 /home/mike/development/bitbucket/sonic-src/_src/caribou-rtos/caribou/src/lib/heap.o
                0x0000000008004f20                caribou_heap_free
 *fill*         0x0000000008004fb8        0x8 
 .text.malloc   0x0000000008004fc0        0x2 /home/mike/development/bitbucket/sonic-src/_src/caribou-rtos/caribou/src/lib/heap.o
                0x0000000008004fc0                malloc
 *fill*         0x0000000008004fc2        0xe 
 .text.free     0x0000000008004fd0        0x2 /home/mike/development/bitbucket/sonic-src/_src/caribou-rtos/caribou/src/lib/heap.o
                0x0000000008004fd0                free
 *fill*         0x0000000008004fd2        0xe 
 .text.caribou_mutex_trylock
                0x0000000008004fe0       0x52 /home/mike/development/bitbucket/sonic-src/_src/caribou-rtos/caribou/src/lib/mutex.o
                0x0000000008004fe0                caribou_mutex_trylock
 *fill*         0x0000000008005032        0xe 
 .text.caribou_mutex_lock
                0x0000000008005040       0x42 /home/mike/development/bitbucket/sonic-src/_src/caribou-rtos/caribou/src/lib/mutex.o
                0x0000000008005040                caribou_mutex_lock
 *fill*         0x0000000008005082        0xe 
 .text.caribou_mutex_unlock
                0x0000000008005090       0x74 /home/mike/development/bitbucket/sonic-src/_src/caribou-rtos/caribou/src/lib/mutex.o
                0x0000000008005090                caribou_mutex_unlock
 *fill*         0x0000000008005104        0xc 
 .text.caribou_queue_init
                0x0000000008005110        0xa /home/mike/development/bitbucket/sonic-src/_src/caribou-rtos/caribou/src/lib/queue.o
                0x0000000008005110                caribou_queue_init
 *fill*         0x000000000800511a        0x6 
 .text.memcpy   0x0000000008005120       0x80 /home/mike/development/bitbucket/sonic-src/_src/caribou-rtos/caribou/src/lib/string.o
                0x0000000008005120                memcpy
 .text.memset   0x00000000080051a0       0x12 /home/mike/development/bitbucket/sonic-src/_src/caribou-rtos/caribou/src/lib/string.o
                0x00000000080051a0                memset
 *fill*         0x00000000080051b2        0xe 
 .text.strlen   0x00000000080051c0       0x16 /home/mike/development/bitbucket/sonic-src/_src/caribou-rtos/caribou/src/lib/string.o
                0x00000000080051c0                strlen
 *fill*         0x00000000080051d6        0xa 
 .text.msdelay  0x00000000080051e0       0x3c /home/mike/development/bitbucket/sonic-src/_src/delay/delay.o
                0x00000000080051e0                msdelay
 *fill*         0x000000000800521c        0x4 
 .text.mswait   0x0000000008005220       0x52 /home/mike/development/bitbucket/sonic-src/_src/delay/delay.o
                0x0000000008005220                mswait
 *fill*         0x0000000008005272        0xe 
 .text.linearmap
                0x0000000008005280       0x54 /home/mike/development/bitbucket/sonic-src/_src/util/linearmap.o
                0x0000000008005280                linearmap
 *fill*         0x00000000080052d4        0xc 
 .text.pid_service
                0x00000000080052e0       0xe2 /home/mike/development/bitbucket/sonic-src/_src/util/pid.o
                0x00000000080052e0                pid_service
 *fill*         0x00000000080053c2        0xe 
 .text.pid_tune
                0x00000000080053d0       0x78 /home/mike/development/bitbucket/sonic-src/_src/util/pid.o
                0x00000000080053d0                pid_tune
 *fill*         0x0000000008005448        0x8 
 .text.pid_create
                0x0000000008005450       0x86 /home/mike/development/bitbucket/sonic-src/_src/util/pid.o
                0x0000000008005450                pid_create
 *fill*         0x00000000080054d6        0xa 
 .text.pid_period
                0x00000000080054e0       0x4c /home/mike/development/bitbucket/sonic-src/_src/util/pid.o
                0x00000000080054e0                pid_period
 *fill*         0x000000000800552c        0x4 
 .text.pid_limits
                0x0000000008005530       0x8a /home/mike/development/bitbucket/sonic-src/_src/util/pid.o
                0x0000000008005530                pid_limits
 *fill*         0x00000000080055ba        0x6 
 .text.pid_enable
                0x00000000080055c0       0x60 /home/mike/development/bitbucket/sonic-src/_src/util/pid.o
                0x00000000080055c0                pid_enable
 *fill*         0x0000000008005620        0x0 
 .text.vpwr_setup
                0x0000000008005620       0x7a /home/mike/development/bitbucket/sonic-src/_src/vpwr/vpwr.o
                0x0000000008005620                vpwr_setup
 *fill*         0x000000000800569a        0x6 
 .text.vpwr_service
                0x00000000080056a0       0x38 /home/mike/development/bitbucket/sonic-src/_src/vpwr/vpwr.o
                0x00000000080056a0                vpwr_service
 *fill*         0x00000000080056d8        0x8 
 .text.vpwr_set_actual
                0x00000000080056e0        0xa /home/mike/development/bitbucket/sonic-src/_src/vpwr/vpwr.o
                0x00000000080056e0                vpwr_set_actual
 *fill*         0x00000000080056ea        0x6 
 .text.vpwr_get_actual
                0x00000000080056f0        0xa /home/mike/development/bitbucket/sonic-src/_src/vpwr/vpwr.o
                0x00000000080056f0                vpwr_get_actual
 *fill*         0x00000000080056fa        0x6 
 .text.vpwr_set_target
                0x0000000008005700        0xa /home/mike/development/bitbucket/sonic-src/_src/vpwr/vpwr.o
                0x0000000008005700                vpwr_set_target
 *fill*         0x000000000800570a        0x6 
 .text.vpwr_get_target
                0x0000000008005710        0xa /home/mike/development/bitbucket/sonic-src/_src/vpwr/vpwr.o
                0x0000000008005710                vpwr_get_target
 *fill*         0x000000000800571a        0x6 
 .text.vpwr_get_dac
                0x0000000008005720        0xa /home/mike/development/bitbucket/sonic-src/_src/vpwr/vpwr.o
                0x0000000008005720                vpwr_get_dac
 *fill*         0x000000000800572a        0x6 
 .text.vref_setup
                0x0000000008005730        0x6 /home/mike/development/bitbucket/sonic-src/_src/vref/vref.o
                0x0000000008005730                vref_setup
 *fill*         0x0000000008005736        0xa 
 .text.vref_get_tempc
                0x0000000008005740       0x14 /home/mike/development/bitbucket/sonic-src/_src/vref/vref.o
                0x0000000008005740                vref_get_tempc
 *fill*         0x0000000008005754        0xc 
 .text.vref_get_volts
                0x0000000008005760       0x14 /home/mike/development/bitbucket/sonic-src/_src/vref/vref.o
                0x0000000008005760                vref_get_volts
 *fill*         0x0000000008005774        0xc 
 .text.wait_cb  0x0000000008005780        0x4 /home/mike/development/bitbucket/sonic-src/_feature/xduc/piezo/tx-pid/main.o
 *fill*         0x0000000008005784        0xc 
 .text.waveform_isr
                0x0000000008005790       0x3a /home/mike/development/bitbucket/sonic-src/_feature/xduc/piezo/tx-pid/main.o
 *fill*         0x00000000080057ca        0x6 
 .text.feature_main
                0x00000000080057d0      0x1a4 /home/mike/development/bitbucket/sonic-src/_feature/xduc/piezo/tx-pid/main.o
                0x00000000080057d0                feature_main
 *(.rodata)
 *fill*         0x0000000008005974        0xc 
 .rodata        0x0000000008005980       0x10 /home/mike/development/bitbucket/sonic-src/_src/caribou-rtos/target/chip/gd32/gd32vf103/lib/GD32VF103_standard_peripheral/Source/gd32vf103_rcu.o
 .rodata        0x0000000008005990       0x3c /opt/riscv/bin/../lib/gcc/riscv32-unknown-elf/11.1.0/libgcc.a(divsf3.o)
 *fill*         0x00000000080059cc        0x4 
 .rodata        0x00000000080059d0      0x100 /opt/riscv/bin/../lib/gcc/riscv32-unknown-elf/11.1.0/libgcc.a(_clz.o)
                0x00000000080059d0                __clz_tab
 *(.rodata.*)
 .rodata.xvfprintf.str1.4
                0x0000000008005ad0        0xb /home/mike/development/bitbucket/sonic-src/_src/xprintf/xprintf.o
                                          0xf (size before relaxing)
 *fill*         0x0000000008005adb        0x5 
 .rodata.xvfprintf
                0x0000000008005ae0       0x5c /home/mike/development/bitbucket/sonic-src/_src/xprintf/xprintf.o
 *fill*         0x0000000008005b3c        0x4 
 .rodata._stdio_
                0x0000000008005b40       0x60 /home/mike/development/bitbucket/sonic-src/_src/caribou-rtos/target/chip/gd32/gd32vf103/src/uart.o
                0x0000000008005b40                _stdio_
 .rodata.fault_cause.str1.4
                0x0000000008005ba0       0xf0 /home/mike/development/bitbucket/sonic-src/_src/_bsp/sonic1/hw_fault.o
                                         0xf2 (size before relaxing)
 .rodata.fault_cause
                0x0000000008005c90       0x30 /home/mike/development/bitbucket/sonic-src/_src/_bsp/sonic1/hw_fault.o
 .rodata._fault.str1.4
                0x0000000008005cc0       0xfa /home/mike/development/bitbucket/sonic-src/_src/_bsp/sonic1/hw_fault.o
 *fill*         0x0000000008005dba        0x6 
 .rodata.caribou_thread_init.str1.4
                0x0000000008005dc0        0x8 /home/mike/development/bitbucket/sonic-src/_src/caribou-rtos/caribou/src/kernel/thread.o
 *fill*         0x0000000008005dc8        0x8 
 .rodata.main.str1.4
                0x0000000008005dd0        0xd /home/mike/development/bitbucket/sonic-src/_feature/caribou/main.o
 *fill*         0x0000000008005ddd        0x3 
 .rodata.feature_main.str1.4
                0x0000000008005de0       0x1a /home/mike/development/bitbucket/sonic-src/_feature/xduc/piezo/tx-pid/main.o
 *(.glue_7t)
 *(.glue_7)
 *(.gcc*)

.srodata.cst4   0x0000000008005dfc       0x40
 .srodata.cst4  0x0000000008005dfc       0x18 /home/mike/development/bitbucket/sonic-src/_src/xprintf/xprintf.o
 .srodata.cst4  0x0000000008005e14        0xc /home/mike/development/bitbucket/sonic-src/_src/util/pid.o
 .srodata.cst4  0x0000000008005e20       0x10 /home/mike/development/bitbucket/sonic-src/_src/vpwr/vpwr.o
 .srodata.cst4  0x0000000008005e30        0xc /home/mike/development/bitbucket/sonic-src/_feature/xduc/piezo/tx-pid/main.o
                                         0x14 (size before relaxing)

.rela.dyn       0x0000000008005e3c        0x0
 .rela.text     0x0000000008005e3c        0x0 /opt/riscv/lib/gcc/riscv32-unknown-elf/11.1.0/crtbegin.o
 .rela.text._bss_init
                0x0000000008005e3c        0x0 /opt/riscv/lib/gcc/riscv32-unknown-elf/11.1.0/crtbegin.o
 .rela.text._ctor_init
                0x0000000008005e3c        0x0 /opt/riscv/lib/gcc/riscv32-unknown-elf/11.1.0/crtbegin.o
 .rela.text._ctor_deinit
                0x0000000008005e3c        0x0 /opt/riscv/lib/gcc/riscv32-unknown-elf/11.1.0/crtbegin.o
 .rela.text.caribou_thread_create
                0x0000000008005e3c        0x0 /opt/riscv/lib/gcc/riscv32-unknown-elf/11.1.0/crtbegin.o
 .rela.init     0x0000000008005e3c        0x0 /opt/riscv/lib/gcc/riscv32-unknown-elf/11.1.0/crtbegin.o

.eh_frame_hdr
 *(.eh_frame_hdr)

.eh_frame
 *(.eh_frame)

.textalign      0x0000000008005e3c        0x4
                0x0000000008005e40                . = ALIGN (0x8)
 *fill*         0x0000000008005e3c        0x4 
                0x0000000008005e40                _etext = .
                0x0000000008005e40                _textdata = _etext

.stacks         0x0000000020000000      0x800
                0x0000000020000000                . = ALIGN (0x8)
                0x0000000020000000                __main_stack_base__ = .
                0x0000000020000400                . = (. + __main_stack_size__)
 *fill*         0x0000000020000000      0x400 
                0x0000000020000400                . = ALIGN (0x8)
                0x0000000020000400                __main_stack_end__ = .
                0x0000000020000400                __process_stack_base__ = .
                0x0000000020000400                __main_thread_stack_base__ = .
                0x0000000020000800                . = (. + __process_stack_size__)
 *fill*         0x0000000020000400      0x400 
                0x0000000020000800                . = ALIGN (0x8)
                0x0000000020000800                __process_stack_end__ = .
                0x0000000020000800                __main_thread_stack_end__ = .
                0x0000000020000800                PROVIDE (_sp = .)

.data           0x0000000020000800      0x124 load address 0x0000000008005e40
                0x0000000020000800                . = ALIGN (0x4)
                0x0000000020000800                PROVIDE (_data = .)
 *(.sdata)
                0x0000000020000800                . = ALIGN (0x4)
 *(.sdata.*)
 .sdata.SystemCoreClock
                0x0000000020000800        0x4 /home/mike/development/bitbucket/sonic-src/_src/caribou-rtos/target/chip/gd32/gd32vf103/lib/GD32VF103_standard_peripheral/system_gd32vf103.o
                0x0000000020000800                SystemCoreClock
 .sdata.gpio_aout_en
                0x0000000020000804        0x8 /home/mike/development/bitbucket/sonic-src/_src/_bsp/sonic1/hw_gpio.o
                0x0000000020000804                gpio_aout_en
 .sdata.gpio_led0
                0x000000002000080c        0x8 /home/mike/development/bitbucket/sonic-src/_src/_bsp/sonic1/hw_gpio.o
                0x000000002000080c                gpio_led0
 .sdata.gpio_led1
                0x0000000020000814        0x8 /home/mike/development/bitbucket/sonic-src/_src/_bsp/sonic1/hw_gpio.o
                0x0000000020000814                gpio_led1
 .sdata.gpio_led2
                0x000000002000081c        0x8 /home/mike/development/bitbucket/sonic-src/_src/_bsp/sonic1/hw_gpio.o
                0x000000002000081c                gpio_led2
 .sdata.gpio_rs485_dir
                0x0000000020000824        0x8 /home/mike/development/bitbucket/sonic-src/_src/_bsp/sonic1/hw_gpio.o
                0x0000000020000824                gpio_rs485_dir
 .sdata.timer_mutex
                0x000000002000082c        0x8 /home/mike/development/bitbucket/sonic-src/_src/caribou-rtos/caribou/src/kernel/timer.o
                0x000000002000082c                timer_mutex
                0x0000000020000834                . = ALIGN (0x4)
 *(.data)
                0x0000000020000834                . = ALIGN (0x4)
 *(.data.*)
 .data.device_info
                0x0000000020000834       0xf0 /home/mike/development/bitbucket/sonic-src/_src/caribou-rtos/target/chip/gd32/gd32vf103/src/uart.o
                0x0000000020000834                device_info
                0x0000000020000924                . = ALIGN (0x4)
 *(.ramtext)
                0x0000000020000924                . = ALIGN (0x4)
                0x0000000020000924                PROVIDE (_edata = .)

.eh_frame       0x0000000020000924        0x0 load address 0x0000000008005f64
 .eh_frame      0x0000000020000924        0x0 /opt/riscv/lib/gcc/riscv32-unknown-elf/11.1.0/crtbegin.o

.bss            0x0000000020000924     0x141c load address 0x0000000008005f64
                0x0000000020000924                . = ALIGN (0x4)
                0x0000000020000924                PROVIDE (__bss_start__ = .)
 *(.sbss)
                0x0000000020000924                . = ALIGN (0x4)
 *(.sbss.*)
 .sbss.strptr   0x0000000020000924        0x4 /home/mike/development/bitbucket/sonic-src/_src/xprintf/xprintf.o
 .sbss.semihost_putchar_idx
                0x0000000020000928        0x4 /home/mike/development/bitbucket/sonic-src/_src/semihost/semihost-putchar.o
 .sbss.csr_mcause
                0x000000002000092c        0x4 /home/mike/development/bitbucket/sonic-src/_src/_bsp/sonic1/hw_fault.o
                0x000000002000092c                csr_mcause
 .sbss.csr_mepc
                0x0000000020000930        0x4 /home/mike/development/bitbucket/sonic-src/_src/_bsp/sonic1/hw_fault.o
                0x0000000020000930                csr_mepc
 .sbss.csr_msavecause1
                0x0000000020000934        0x4 /home/mike/development/bitbucket/sonic-src/_src/_bsp/sonic1/hw_fault.o
                0x0000000020000934                csr_msavecause1
 .sbss.csr_msavecause2
                0x0000000020000938        0x4 /home/mike/development/bitbucket/sonic-src/_src/_bsp/sonic1/hw_fault.o
                0x0000000020000938                csr_msavecause2
 .sbss.clock_started.0
                0x000000002000093c        0x1 /home/mike/development/bitbucket/sonic-src/_src/caribou-rtos/caribou/src/kernel/caribou.o
 *fill*         0x000000002000093d        0x3 
 .sbss.__errno  0x0000000020000940        0x4 /home/mike/development/bitbucket/sonic-src/_src/caribou-rtos/caribou/src/lib/errno.o
                0x0000000020000940                __errno
 .sbss.heap_count
                0x0000000020000944        0x4 /home/mike/development/bitbucket/sonic-src/_src/caribou-rtos/caribou/src/lib/heap.o
 .sbss.heap_num
                0x0000000020000948        0x4 /home/mike/development/bitbucket/sonic-src/_src/caribou-rtos/caribou/src/lib/heap.o
                0x000000002000094c                . = ALIGN (0x4)
 *(.bss)
 .bss           0x000000002000094c       0x1c /opt/riscv/lib/gcc/riscv32-unknown-elf/11.1.0/crtbegin.o
                0x0000000020000968                . = ALIGN (0x4)
 *(.bss.*)
 .bss.semihost_putchar_buf
                0x0000000020000968       0x41 /home/mike/development/bitbucket/sonic-src/_src/semihost/semihost-putchar.o
 *fill*         0x00000000200009a9        0x3 
 .bss.isr_map   0x00000000200009ac      0x2b8 /home/mike/development/bitbucket/sonic-src/_src/caribou-rtos/caribou/src/kernel/interrupt.o
                0x00000000200009ac                isr_map
 .bss.caribou_state
                0x0000000020000c64       0x34 /home/mike/development/bitbucket/sonic-src/_src/caribou-rtos/caribou/src/kernel/thread.o
                0x0000000020000c64                caribou_state
 .bss.caribou_heap_state
                0x0000000020000c98       0x1c /home/mike/development/bitbucket/sonic-src/_src/caribou-rtos/caribou/src/lib/heap.o
                0x0000000020000c98                caribou_heap_state
 .bss.feature_stack
                0x0000000020000cb4     0x1000 /home/mike/development/bitbucket/sonic-src/_feature/caribou/main.o
 .bss.vpwr      0x0000000020001cb4       0x44 /home/mike/development/bitbucket/sonic-src/_src/vpwr/vpwr.o
 .bss.adc       0x0000000020001cf8       0x48 /home/mike/development/bitbucket/sonic-src/_feature/xduc/piezo/tx-pid/main.o
                0x0000000020001d40                . = ALIGN (0x4)
 *(COMMON)
                0x0000000020001d40                . = ALIGN (0x4)
                0x0000000020001d40                PROVIDE (__bss_end__ = .)
                [!provide]                        PROVIDE (end = .)
                0x0000000020001d40                _end = .
                0x0000000020001d40                __heap_base__ = _end
                0x0000000020008000                __heap_end__ = __ram_end__
LOAD /home/mike/development/bitbucket/sonic-src/_src/xprintf/xprintf.o
LOAD /home/mike/development/bitbucket/sonic-src/_src/semihost/semihost.o
LOAD /home/mike/development/bitbucket/sonic-src/_src/semihost/semihost-putchar.o
LOAD /home/mike/development/bitbucket/sonic-src/_src/semihost/semihost-rv32imac.o
LOAD /home/mike/development/bitbucket/sonic-src/_src/caribou-rtos/target/cpu/riscv/rv32imac/cpu/cpu.o
LOAD /home/mike/development/bitbucket/sonic-src/_src/caribou-rtos/target/chip/gd32/gd32vf103/lib/GD32VF103_standard_peripheral/system_gd32vf103.o
LOAD /home/mike/development/bitbucket/sonic-src/_src/caribou-rtos/target/chip/gd32/gd32vf103/lib/GD32VF103_standard_peripheral/Source/gd32vf103_adc.o
LOAD /home/mike/development/bitbucket/sonic-src/_src/caribou-rtos/target/chip/gd32/gd32vf103/lib/GD32VF103_standard_peripheral/Source/gd32vf103_dac.o
LOAD /home/mike/development/bitbucket/sonic-src/_src/caribou-rtos/target/chip/gd32/gd32vf103/lib/GD32VF103_standard_peripheral/Source/gd32vf103_dma.o
LOAD /home/mike/development/bitbucket/sonic-src/_src/caribou-rtos/target/chip/gd32/gd32vf103/lib/GD32VF103_standard_peripheral/Source/gd32vf103_timer.o
LOAD /home/mike/development/bitbucket/sonic-src/_src/caribou-rtos/target/chip/gd32/gd32vf103/lib/GD32VF103_standard_peripheral/Source/gd32vf103_rcu.o
LOAD /home/mike/development/bitbucket/sonic-src/_src/caribou-rtos/target/chip/gd32/gd32vf103/lib/GD32VF103_standard_peripheral/Source/gd32vf103_usart.o
LOAD /home/mike/development/bitbucket/sonic-src/_src/caribou-rtos/target/chip/gd32/gd32vf103/lib/GD32VF103_standard_peripheral/Source/gd32vf103_gpio.o
LOAD /home/mike/development/bitbucket/sonic-src/_src/caribou-rtos/target/chip/gd32/gd32vf103/lib/GD32VF103_standard_peripheral/Source/gd32vf103_eclic.o
LOAD /home/mike/development/bitbucket/sonic-src/_src/caribou-rtos/target/chip/gd32/gd32vf103/lib/GD32VF103_standard_peripheral/Source/gd32vf103_fmc.o
LOAD /home/mike/development/bitbucket/sonic-src/_src/caribou-rtos/target/chip/gd32/gd32vf103/lib/RISCV/drivers/n200_func.o
LOAD /home/mike/development/bitbucket/sonic-src/_src/caribou-rtos/target/chip/gd32/gd32vf103/src/chip.o
LOAD /home/mike/development/bitbucket/sonic-src/_src/caribou-rtos/target/chip/gd32/gd32vf103/src/gpio.o
LOAD /home/mike/development/bitbucket/sonic-src/_src/caribou-rtos/target/chip/gd32/gd32vf103/src/uart.o
LOAD /home/mike/development/bitbucket/sonic-src/_src/_bsp/sonic1/board.o
LOAD /home/mike/development/bitbucket/sonic-src/_src/_bsp/sonic1/bss_init.o
LOAD /home/mike/development/bitbucket/sonic-src/_src/_bsp/sonic1/ctor_init.o
LOAD /home/mike/development/bitbucket/sonic-src/_src/_bsp/sonic1/hw_clocks.o
LOAD /home/mike/development/bitbucket/sonic-src/_src/_bsp/sonic1/hw_fault.o
LOAD /home/mike/development/bitbucket/sonic-src/_src/_bsp/sonic1/hw_gpio.o
LOAD /home/mike/development/bitbucket/sonic-src/_src/_bsp/sonic1/hw_pin.o
LOAD /home/mike/development/bitbucket/sonic-src/_src/_bsp/sonic1/hw_usart.o
LOAD /home/mike/development/bitbucket/sonic-src/_src/_bsp/sonic1/hw_dac.o
LOAD /home/mike/development/bitbucket/sonic-src/_src/_bsp/sonic1/hw_dma.o
LOAD /home/mike/development/bitbucket/sonic-src/_src/_bsp/sonic1/hw_adc.o
LOAD /home/mike/development/bitbucket/sonic-src/_src/_bsp/sonic1/hw_spi.o
LOAD /home/mike/development/bitbucket/sonic-src/_src/_bsp/sonic1/hw_tim.o
LOAD /home/mike/development/bitbucket/sonic-src/_src/_bsp/sonic1/hw_tim_rx_gen.o
LOAD /home/mike/development/bitbucket/sonic-src/_src/_bsp/sonic1/hw_tim_tx_gen.o
LOAD /home/mike/development/bitbucket/sonic-src/_src/_bsp/sonic1/hw_tim_trigger.o
LOAD /home/mike/development/bitbucket/sonic-src/_src/_bsp/sonic1/hw_pinfire.o
LOAD /home/mike/development/bitbucket/sonic-src/_src/caribou-rtos/caribou/src/dev/adc.o
LOAD /home/mike/development/bitbucket/sonic-src/_src/caribou-rtos/caribou/src/dev/gpio.o
LOAD /home/mike/development/bitbucket/sonic-src/_src/caribou-rtos/caribou/src/dev/i2c.o
LOAD /home/mike/development/bitbucket/sonic-src/_src/caribou-rtos/caribou/src/dev/i2s.o
LOAD /home/mike/development/bitbucket/sonic-src/_src/caribou-rtos/caribou/src/dev/spi.o
LOAD /home/mike/development/bitbucket/sonic-src/_src/caribou-rtos/caribou/src/dev/uart.o
LOAD /home/mike/development/bitbucket/sonic-src/_src/caribou-rtos/caribou/src/kernel/caribou.o
LOAD /home/mike/development/bitbucket/sonic-src/_src/caribou-rtos/caribou/src/kernel/interrupt.o
LOAD /home/mike/development/bitbucket/sonic-src/_src/caribou-rtos/caribou/src/kernel/ipc.o
LOAD /home/mike/development/bitbucket/sonic-src/_src/caribou-rtos/caribou/src/kernel/thread.o
LOAD /home/mike/development/bitbucket/sonic-src/_src/caribou-rtos/caribou/src/kernel/sched.o
LOAD /home/mike/development/bitbucket/sonic-src/_src/caribou-rtos/caribou/src/kernel/stack.o
LOAD /home/mike/development/bitbucket/sonic-src/_src/caribou-rtos/caribou/src/kernel/timer.o
LOAD /home/mike/development/bitbucket/sonic-src/_src/caribou-rtos/caribou/src/kernel/isr.o
LOAD /home/mike/development/bitbucket/sonic-src/_src/caribou-rtos/caribou/src/lib/bytequeue.o
LOAD /home/mike/development/bitbucket/sonic-src/_src/caribou-rtos/caribou/src/lib/caribou_ftoa.o
LOAD /home/mike/development/bitbucket/sonic-src/_src/caribou-rtos/caribou/src/lib/cbmath.o
LOAD /home/mike/development/bitbucket/sonic-src/_src/caribou-rtos/caribou/src/lib/errno.o
LOAD /home/mike/development/bitbucket/sonic-src/_src/caribou-rtos/caribou/src/lib/heap.o
LOAD /home/mike/development/bitbucket/sonic-src/_src/caribou-rtos/caribou/src/lib/mutex.o
LOAD /home/mike/development/bitbucket/sonic-src/_src/caribou-rtos/caribou/src/lib/qsort.o
LOAD /home/mike/development/bitbucket/sonic-src/_src/caribou-rtos/caribou/src/lib/queue.o
LOAD /home/mike/development/bitbucket/sonic-src/_src/caribou-rtos/caribou/src/lib/rand.o
LOAD /home/mike/development/bitbucket/sonic-src/_src/caribou-rtos/caribou/src/lib/semaphore.o
LOAD /home/mike/development/bitbucket/sonic-src/_src/caribou-rtos/caribou/src/lib/spinlock.o
LOAD /home/mike/development/bitbucket/sonic-src/_src/caribou-rtos/caribou/src/lib/stdio.o
LOAD /home/mike/development/bitbucket/sonic-src/_src/caribou-rtos/caribou/src/lib/string.o
LOAD /home/mike/development/bitbucket/sonic-src/_src/caribou-rtos/caribou/src/lib/strtof.o
LOAD /home/mike/development/bitbucket/sonic-src/_feature/caribou/main.o
LOAD /home/mike/development/bitbucket/sonic-src/_src/delay/delay.o
LOAD /home/mike/development/bitbucket/sonic-src/_src/util/linearmap.o
LOAD /home/mike/development/bitbucket/sonic-src/_src/util/logmap.o
LOAD /home/mike/development/bitbucket/sonic-src/_src/util/percent.o
LOAD /home/mike/development/bitbucket/sonic-src/_src/util/pid.o
LOAD /home/mike/development/bitbucket/sonic-src/_src/util/serialno.o
LOAD /home/mike/development/bitbucket/sonic-src/_src/util/average.o
LOAD /home/mike/development/bitbucket/sonic-src/_src/util/random.o
LOAD /home/mike/development/bitbucket/sonic-src/_src/util/flip.o
LOAD /home/mike/development/bitbucket/sonic-src/_src/vpwr/vpwr.o
LOAD /home/mike/development/bitbucket/sonic-src/_src/vref/vref.o
LOAD /home/mike/development/bitbucket/sonic-src/_feature/xduc/piezo/tx-pid/main.o
LOAD /home/mike/development/bitbucket/sonic-src/_src/_bsp/sonic1/crt0.o
LOAD /home/mike/development/bitbucket/sonic-src/_src/_bsp/sonic1/vectors.o
LOAD /opt/riscv/bin/../lib/gcc/riscv32-unknown-elf/11.1.0/libgcc.a
LOAD /opt/riscv/bin/../riscv32-unknown-elf/lib/libm.a
LOAD /opt/riscv/bin/../riscv32-unknown-elf/lib/libstdc++.a
LOAD /opt/riscv/lib/gcc/riscv32-unknown-elf/11.1.0/../../../../riscv32-unknown-elf/lib/libstdc++.a
LOAD /opt/riscv/lib/gcc/riscv32-unknown-elf/11.1.0/../../../../riscv32-unknown-elf/lib/libm.a
LOAD /opt/riscv/lib/gcc/riscv32-unknown-elf/11.1.0/libgcc.a
START GROUP
LOAD /opt/riscv/lib/gcc/riscv32-unknown-elf/11.1.0/../../../../riscv32-unknown-elf/lib/libc.a
LOAD /opt/riscv/lib/gcc/riscv32-unknown-elf/11.1.0/../../../../riscv32-unknown-elf/lib/libgloss.a
END GROUP
LOAD /opt/riscv/lib/gcc/riscv32-unknown-elf/11.1.0/libgcc.a
LOAD /opt/riscv/lib/gcc/riscv32-unknown-elf/11.1.0/crtend.o
OUTPUT(sonic1.elf elf32-littleriscv)

.comment        0x0000000000000000       0x12
 .comment       0x0000000000000000       0x12 /opt/riscv/lib/gcc/riscv32-unknown-elf/11.1.0/crtbegin.o
                                         0x13 (size before relaxing)
 .comment       0x0000000000000012       0x13 /home/mike/development/bitbucket/sonic-src/_src/xprintf/xprintf.o
 .comment       0x0000000000000012       0x13 /home/mike/development/bitbucket/sonic-src/_src/semihost/semihost.o
 .comment       0x0000000000000012       0x13 /home/mike/development/bitbucket/sonic-src/_src/semihost/semihost-putchar.o
 .comment       0x0000000000000012       0x13 /home/mike/development/bitbucket/sonic-src/_src/semihost/semihost-rv32imac.o
 .comment       0x0000000000000012       0x13 /home/mike/development/bitbucket/sonic-src/_src/caribou-rtos/target/cpu/riscv/rv32imac/cpu/cpu.o
 .comment       0x0000000000000012       0x13 /home/mike/development/bitbucket/sonic-src/_src/caribou-rtos/target/chip/gd32/gd32vf103/lib/GD32VF103_standard_peripheral/system_gd32vf103.o
 .comment       0x0000000000000012       0x13 /home/mike/development/bitbucket/sonic-src/_src/caribou-rtos/target/chip/gd32/gd32vf103/lib/GD32VF103_standard_peripheral/Source/gd32vf103_adc.o
 .comment       0x0000000000000012       0x13 /home/mike/development/bitbucket/sonic-src/_src/caribou-rtos/target/chip/gd32/gd32vf103/lib/GD32VF103_standard_peripheral/Source/gd32vf103_dac.o
 .comment       0x0000000000000012       0x13 /home/mike/development/bitbucket/sonic-src/_src/caribou-rtos/target/chip/gd32/gd32vf103/lib/GD32VF103_standard_peripheral/Source/gd32vf103_dma.o
 .comment       0x0000000000000012       0x13 /home/mike/development/bitbucket/sonic-src/_src/caribou-rtos/target/chip/gd32/gd32vf103/lib/GD32VF103_standard_peripheral/Source/gd32vf103_timer.o
 .comment       0x0000000000000012       0x13 /home/mike/development/bitbucket/sonic-src/_src/caribou-rtos/target/chip/gd32/gd32vf103/lib/GD32VF103_standard_peripheral/Source/gd32vf103_rcu.o
 .comment       0x0000000000000012       0x13 /home/mike/development/bitbucket/sonic-src/_src/caribou-rtos/target/chip/gd32/gd32vf103/lib/GD32VF103_standard_peripheral/Source/gd32vf103_usart.o
 .comment       0x0000000000000012       0x13 /home/mike/development/bitbucket/sonic-src/_src/caribou-rtos/target/chip/gd32/gd32vf103/lib/GD32VF103_standard_peripheral/Source/gd32vf103_gpio.o
 .comment       0x0000000000000012       0x13 /home/mike/development/bitbucket/sonic-src/_src/caribou-rtos/target/chip/gd32/gd32vf103/lib/GD32VF103_standard_peripheral/Source/gd32vf103_eclic.o
 .comment       0x0000000000000012       0x13 /home/mike/development/bitbucket/sonic-src/_src/caribou-rtos/target/chip/gd32/gd32vf103/lib/GD32VF103_standard_peripheral/Source/gd32vf103_fmc.o
 .comment       0x0000000000000012       0x13 /home/mike/development/bitbucket/sonic-src/_src/caribou-rtos/target/chip/gd32/gd32vf103/lib/RISCV/drivers/n200_func.o
 .comment       0x0000000000000012       0x13 /home/mike/development/bitbucket/sonic-src/_src/caribou-rtos/target/chip/gd32/gd32vf103/src/chip.o
 .comment       0x0000000000000012       0x13 /home/mike/development/bitbucket/sonic-src/_src/caribou-rtos/target/chip/gd32/gd32vf103/src/gpio.o
 .comment       0x0000000000000012       0x13 /home/mike/development/bitbucket/sonic-src/_src/caribou-rtos/target/chip/gd32/gd32vf103/src/uart.o
 .comment       0x0000000000000012       0x13 /home/mike/development/bitbucket/sonic-src/_src/_bsp/sonic1/board.o
 .comment       0x0000000000000012       0x13 /home/mike/development/bitbucket/sonic-src/_src/_bsp/sonic1/bss_init.o
 .comment       0x0000000000000012       0x13 /home/mike/development/bitbucket/sonic-src/_src/_bsp/sonic1/ctor_init.o
 .comment       0x0000000000000012       0x13 /home/mike/development/bitbucket/sonic-src/_src/_bsp/sonic1/hw_clocks.o
 .comment       0x0000000000000012       0x13 /home/mike/development/bitbucket/sonic-src/_src/_bsp/sonic1/hw_fault.o
 .comment       0x0000000000000012       0x13 /home/mike/development/bitbucket/sonic-src/_src/_bsp/sonic1/hw_gpio.o
 .comment       0x0000000000000012       0x13 /home/mike/development/bitbucket/sonic-src/_src/_bsp/sonic1/hw_pin.o
 .comment       0x0000000000000012       0x13 /home/mike/development/bitbucket/sonic-src/_src/_bsp/sonic1/hw_usart.o
 .comment       0x0000000000000012       0x13 /home/mike/development/bitbucket/sonic-src/_src/_bsp/sonic1/hw_dac.o
 .comment       0x0000000000000012       0x13 /home/mike/development/bitbucket/sonic-src/_src/_bsp/sonic1/hw_adc.o
 .comment       0x0000000000000012       0x13 /home/mike/development/bitbucket/sonic-src/_src/_bsp/sonic1/hw_tim_tx_gen.o
 .comment       0x0000000000000012       0x13 /home/mike/development/bitbucket/sonic-src/_src/_bsp/sonic1/hw_tim_trigger.o
 .comment       0x0000000000000012       0x13 /home/mike/development/bitbucket/sonic-src/_src/caribou-rtos/caribou/src/dev/uart.o
 .comment       0x0000000000000012       0x13 /home/mike/development/bitbucket/sonic-src/_src/caribou-rtos/caribou/src/kernel/caribou.o
 .comment       0x0000000000000012       0x13 /home/mike/development/bitbucket/sonic-src/_src/caribou-rtos/caribou/src/kernel/interrupt.o
 .comment       0x0000000000000012       0x13 /home/mike/development/bitbucket/sonic-src/_src/caribou-rtos/caribou/src/kernel/ipc.o
 .comment       0x0000000000000012       0x13 /home/mike/development/bitbucket/sonic-src/_src/caribou-rtos/caribou/src/kernel/thread.o
 .comment       0x0000000000000012       0x13 /home/mike/development/bitbucket/sonic-src/_src/caribou-rtos/caribou/src/kernel/sched.o
 .comment       0x0000000000000012       0x13 /home/mike/development/bitbucket/sonic-src/_src/caribou-rtos/caribou/src/kernel/timer.o
 .comment       0x0000000000000012       0x13 /home/mike/development/bitbucket/sonic-src/_src/caribou-rtos/caribou/src/kernel/isr.o
 .comment       0x0000000000000012       0x13 /home/mike/development/bitbucket/sonic-src/_src/caribou-rtos/caribou/src/lib/bytequeue.o
 .comment       0x0000000000000012       0x13 /home/mike/development/bitbucket/sonic-src/_src/caribou-rtos/caribou/src/lib/errno.o
 .comment       0x0000000000000012       0x13 /home/mike/development/bitbucket/sonic-src/_src/caribou-rtos/caribou/src/lib/heap.o
 .comment       0x0000000000000012       0x13 /home/mike/development/bitbucket/sonic-src/_src/caribou-rtos/caribou/src/lib/mutex.o
 .comment       0x0000000000000012       0x13 /home/mike/development/bitbucket/sonic-src/_src/caribou-rtos/caribou/src/lib/queue.o
 .comment       0x0000000000000012       0x13 /home/mike/development/bitbucket/sonic-src/_src/caribou-rtos/caribou/src/lib/string.o
 .comment       0x0000000000000012       0x13 /home/mike/development/bitbucket/sonic-src/_feature/caribou/main.o
 .comment       0x0000000000000012       0x13 /home/mike/development/bitbucket/sonic-src/_src/delay/delay.o
 .comment       0x0000000000000012       0x13 /home/mike/development/bitbucket/sonic-src/_src/util/linearmap.o
 .comment       0x0000000000000012       0x13 /home/mike/development/bitbucket/sonic-src/_src/util/pid.o
 .comment       0x0000000000000012       0x13 /home/mike/development/bitbucket/sonic-src/_src/vpwr/vpwr.o
 .comment       0x0000000000000012       0x13 /home/mike/development/bitbucket/sonic-src/_src/vref/vref.o
 .comment       0x0000000000000012       0x13 /home/mike/development/bitbucket/sonic-src/_feature/xduc/piezo/tx-pid/main.o
 .comment       0x0000000000000012       0x13 /opt/riscv/bin/../lib/gcc/riscv32-unknown-elf/11.1.0/libgcc.a(_udivdi3.o)
 .comment       0x0000000000000012       0x13 /opt/riscv/bin/../lib/gcc/riscv32-unknown-elf/11.1.0/libgcc.a(_umoddi3.o)
 .comment       0x0000000000000012       0x13 /opt/riscv/bin/../lib/gcc/riscv32-unknown-elf/11.1.0/libgcc.a(addsf3.o)
 .comment       0x0000000000000012       0x13 /opt/riscv/bin/../lib/gcc/riscv32-unknown-elf/11.1.0/libgcc.a(divsf3.o)
 .comment       0x0000000000000012       0x13 /opt/riscv/bin/../lib/gcc/riscv32-unknown-elf/11.1.0/libgcc.a(eqsf2.o)
 .comment       0x0000000000000012       0x13 /opt/riscv/bin/../lib/gcc/riscv32-unknown-elf/11.1.0/libgcc.a(gesf2.o)
 .comment       0x0000000000000012       0x13 /opt/riscv/bin/../lib/gcc/riscv32-unknown-elf/11.1.0/libgcc.a(lesf2.o)
 .comment       0x0000000000000012       0x13 /opt/riscv/bin/../lib/gcc/riscv32-unknown-elf/11.1.0/libgcc.a(mulsf3.o)
 .comment       0x0000000000000012       0x13 /opt/riscv/bin/../lib/gcc/riscv32-unknown-elf/11.1.0/libgcc.a(subsf3.o)
 .comment       0x0000000000000012       0x13 /opt/riscv/bin/../lib/gcc/riscv32-unknown-elf/11.1.0/libgcc.a(unordsf2.o)
 .comment       0x0000000000000012       0x13 /opt/riscv/bin/../lib/gcc/riscv32-unknown-elf/11.1.0/libgcc.a(fixsfsi.o)
 .comment       0x0000000000000012       0x13 /opt/riscv/bin/../lib/gcc/riscv32-unknown-elf/11.1.0/libgcc.a(floatsisf.o)
 .comment       0x0000000000000012       0x13 /opt/riscv/bin/../lib/gcc/riscv32-unknown-elf/11.1.0/libgcc.a(floatunsisf.o)
 .comment       0x0000000000000012       0x13 /opt/riscv/bin/../lib/gcc/riscv32-unknown-elf/11.1.0/libgcc.a(_clz.o)
 .comment       0x0000000000000012       0x13 /opt/riscv/bin/../lib/gcc/riscv32-unknown-elf/11.1.0/libgcc.a(_clzsi2.o)

.riscv.attributes
                0x0000000000000000       0x2f
 .riscv.attributes
                0x0000000000000000       0x2b /opt/riscv/lib/gcc/riscv32-unknown-elf/11.1.0/crtbegin.o
 .riscv.attributes
                0x000000000000002b       0x2b /home/mike/development/bitbucket/sonic-src/_src/xprintf/xprintf.o
 .riscv.attributes
                0x0000000000000056       0x2b /home/mike/development/bitbucket/sonic-src/_src/semihost/semihost.o
 .riscv.attributes
                0x0000000000000081       0x2b /home/mike/development/bitbucket/sonic-src/_src/semihost/semihost-putchar.o
 .riscv.attributes
                0x00000000000000ac       0x2b /home/mike/development/bitbucket/sonic-src/_src/semihost/semihost-rv32imac.o
 .riscv.attributes
                0x00000000000000d7       0x2b /home/mike/development/bitbucket/sonic-src/_src/caribou-rtos/target/cpu/riscv/rv32imac/cpu/cpu.o
 .riscv.attributes